[    0.000000] microcode: CPU0 microcode updated early to revision 0xb00002e, date = 2018-04-19
[    0.000000] Initializing cgroup subsys cpuset
[    0.000000] Initializing cgroup subsys cpu
[    0.000000] Initializing cgroup subsys cpuacct
[    0.000000] Linux version 4.4.0-139-generic (buildd@lcy01-amd64-006) (gcc version 5.4.0 20160609 (Ubuntu 5.4.0-6ubuntu1~16.04.10) ) #165-Ubuntu SMP Wed Oct 24 10:58:50 UTC 2018 (Ubuntu 4.4.0-139.165-generic 4.4.160)
[    0.000000] Command line: BOOT_IMAGE=/vmlinuz-4.4.0-139-generic.efi.signed root=/dev/mapper/workstation0--vg-root ro
[    0.000000] KERNEL supported cpus:
[    0.000000]   Intel GenuineIntel
[    0.000000]   AMD AuthenticAMD
[    0.000000]   Centaur CentaurHauls
[    0.000000] x86/fpu: xstate_offset[2]:  576, xstate_sizes[2]:  256
[    0.000000] x86/fpu: Supporting XSAVE feature 0x01: 'x87 floating point registers'
[    0.000000] x86/fpu: Supporting XSAVE feature 0x02: 'SSE registers'
[    0.000000] x86/fpu: Supporting XSAVE feature 0x04: 'AVX registers'
[    0.000000] x86/fpu: Enabled xstate features 0x7, context size is 832 bytes, using 'standard' format.
[    0.000000] e820: BIOS-provided physical RAM map:
[    0.000000] BIOS-e820: [mem 0x0000000000000000-0x000000000009ffff] usable
[    0.000000] BIOS-e820: [mem 0x0000000000100000-0x000000005a64efff] usable
[    0.000000] BIOS-e820: [mem 0x000000005a64f000-0x000000005b3b2fff] reserved
[    0.000000] BIOS-e820: [mem 0x000000005b3b3000-0x000000005b413fff] ACPI data
[    0.000000] BIOS-e820: [mem 0x000000005b414000-0x000000005d614fff] ACPI NVS
[    0.000000] BIOS-e820: [mem 0x000000005d615000-0x000000005dc9bfff] reserved
[    0.000000] BIOS-e820: [mem 0x000000005dc9c000-0x000000005dd02fff] type 20
[    0.000000] BIOS-e820: [mem 0x000000005dd03000-0x000000005dd03fff] usable
[    0.000000] BIOS-e820: [mem 0x000000005dd04000-0x000000005dd89fff] reserved
[    0.000000] BIOS-e820: [mem 0x000000005dd8a000-0x000000005dffffff] usable
[    0.000000] BIOS-e820: [mem 0x000000005e000000-0x000000005effffff] reserved
[    0.000000] BIOS-e820: [mem 0x00000000e0000000-0x00000000efffffff] reserved
[    0.000000] BIOS-e820: [mem 0x00000000fed1c000-0x00000000fed44fff] reserved
[    0.000000] BIOS-e820: [mem 0x00000000ff000000-0x00000000ffffffff] reserved
[    0.000000] BIOS-e820: [mem 0x0000000100000000-0x000000189fffffff] usable
[    0.000000] NX (Execute Disable) protection: active
[    0.000000] efi: EFI v2.40 by American Megatrends
[    0.000000] efi:  ESRT=0x5db64f18  ACPI=0x5b3c6000  ACPI 2.0=0x5b3c6000  SMBIOS=0xf0570  SMBIOS 3.0=0x5db61000  MPS=0xfd700 
[    0.000000] esrt: Reserving ESRT space from 0x000000005db64f18 to 0x000000005db64f50.
[    0.000000] SMBIOS 3.0.0 present.
[    0.000000] e820: update [mem 0x00000000-0x00000fff] usable ==> reserved
[    0.000000] e820: remove [mem 0x000a0000-0x000fffff] usable
[    0.000000] e820: last_pfn = 0x18a0000 max_arch_pfn = 0x400000000
[    0.000000] MTRR default type: write-back
[    0.000000] MTRR fixed ranges enabled:
[    0.000000]   00000-9FFFF write-back
[    0.000000]   A0000-BFFFF uncachable
[    0.000000]   C0000-FFFFF write-protect
[    0.000000] MTRR variable ranges enabled:
[    0.000000]   0 base 000080000000 mask 3FFF80000000 uncachable
[    0.000000]   1 base 000060000000 mask 3FFFE0000000 uncachable
[    0.000000]   2 base 380000000000 mask 3FC000000000 uncachable
[    0.000000]   3 base 00005F000000 mask 3FFFFF000000 uncachable
[    0.000000]   4 base 000060000000 mask 3FFFE0000000 write-through
[    0.000000]   5 base 000080000000 mask 3FFFC0000000 write-through
[    0.000000]   6 base 0000C0000000 mask 3FFFF0000000 write-through
[    0.000000]   7 base 0000D0000000 mask 3FFFFE000000 write-through
[    0.000000]   8 disabled
[    0.000000]   9 disabled
[    0.000000] x86/PAT: Configuration [0-7]: WB  WC  UC- UC  WB  WC  UC- WT  
[    0.000000] e820: last_pfn = 0x5e000 max_arch_pfn = 0x400000000
[    0.000000] found SMP MP-table at [mem 0x000fdab0-0x000fdabf] mapped at [ffff8800000fdab0]
[    0.000000] Scanning 1 areas for low memory corruption
[    0.000000] Base memory trampoline at [ffff880000096000] 96000 size 28672
[    0.000000] Using GB pages for direct mapping
[    0.000000] BRK [0x0321b000, 0x0321bfff] PGTABLE
[    0.000000] BRK [0x0321c000, 0x0321cfff] PGTABLE
[    0.000000] BRK [0x0321d000, 0x0321dfff] PGTABLE
[    0.000000] BRK [0x0321e000, 0x0321efff] PGTABLE
[    0.000000] BRK [0x0321f000, 0x0321ffff] PGTABLE
[    0.000000] RAMDISK: [mem 0x30919000-0x33b56fff]
[    0.000000] ACPI: Early table checksum verification disabled
[    0.000000] ACPI: RSDP 0x000000005B3C6000 000024 (v02 ALASKA)
[    0.000000] ACPI: XSDT 0x000000005B3C6090 00009C (v01 ALASKA A M I    01072009 AMI  00010013)
[    0.000000] ACPI: FACP 0x000000005B3FC4F8 00010C (v05 ALASKA A M I    01072009 AMI  00010013)
[    0.000000] ACPI: DSDT 0x000000005B3C61C8 036329 (v02 ALASKA A M I    01072009 INTL 20091013)
[    0.000000] ACPI: FACS 0x000000005D613F80 000040
[    0.000000] ACPI: APIC 0x000000005B3FC608 000100 (v03 ALASKA A M I    01072009 AMI  00010013)
[    0.000000] ACPI: FPDT 0x000000005B3FC708 000044 (v01 ALASKA A M I    01072009 AMI  00010013)
[    0.000000] ACPI: FIDT 0x000000005B3FC750 00009C (v01 ALASKA A M I    01072009 AMI  00010013)
[    0.000000] ACPI: MCFG 0x000000005B3FC7F0 00003C (v01 ALASKA A M I    01072009 MSFT 00000097)
[    0.000000] ACPI: ASF! 0x000000005B413108 0000A0 (v32 INTEL   HCG     00000001 TFSM 000F4240)
[    0.000000] ACPI: SSDT 0x000000005B3FC888 00036D (v01 SataRe SataTabl 00001000 INTL 20120913)
[    0.000000] ACPI: UEFI 0x000000005B3FCBF8 000042 (v01 ALASKA A M I    01072009      00000000)
[    0.000000] ACPI: HPET 0x000000005B3FCC40 000038 (v01 ALASKA A M I    00000001 INTL 20091013)
[    0.000000] ACPI: MSCT 0x000000005B3FCC78 000090 (v01 ALASKA A M I    00000001 INTL 20091013)
[    0.000000] ACPI: SLIT 0x000000005B3FCD08 00002D (v01 ALASKA A M I    00000001 INTL 20091013)
[    0.000000] ACPI: SRAT 0x000000005B3FCD38 001158 (v03 ALASKA A M I    00000001 INTL 20091013)
[    0.000000] ACPI: WDDT 0x000000005B3FDE90 000040 (v01 ALASKA A M I    00000000 INTL 20091013)
[    0.000000] ACPI: SSDT 0x000000005B3FDED0 0151FF (v02 ALASKA PmMgt    00000001 INTL 20120913)
[    0.000000] ACPI: BGRT 0x000000005B4130D0 000038 (v01 ALASKA A M I    01072009 AMI  00010013)
[    0.000000] ACPI: Local APIC address 0xfee00000
[    0.000000] SRAT: PXM 0 -> APIC 0x00 -> Node 0
[    0.000000] SRAT: PXM 0 -> APIC 0x02 -> Node 0
[    0.000000] SRAT: PXM 0 -> APIC 0x04 -> Node 0
[    0.000000] SRAT: PXM 0 -> APIC 0x06 -> Node 0
[    0.000000] SRAT: PXM 0 -> APIC 0x08 -> Node 0
[    0.000000] SRAT: PXM 0 -> APIC 0x0a -> Node 0
[    0.000000] SRAT: PXM 0 -> APIC 0x01 -> Node 0
[    0.000000] SRAT: PXM 0 -> APIC 0x03 -> Node 0
[    0.000000] SRAT: PXM 0 -> APIC 0x05 -> Node 0
[    0.000000] SRAT: PXM 0 -> APIC 0x07 -> Node 0
[    0.000000] SRAT: PXM 0 -> APIC 0x09 -> Node 0
[    0.000000] SRAT: PXM 0 -> APIC 0x0b -> Node 0
[    0.000000] SRAT: Node 0 PXM 0 [mem 0x00000000-0x5fffffff]
[    0.000000] SRAT: Node 0 PXM 0 [mem 0x100000000-0x189fffffff]
[    0.000000] NUMA: Initialized distance table, cnt=1
[    0.000000] NUMA: Node 0 [mem 0x00000000-0x5fffffff] + [mem 0x100000000-0x189fffffff] -> [mem 0x00000000-0x189fffffff]
[    0.000000] NODE_DATA(0) allocated [mem 0x189fff8000-0x189fffcfff]
[    0.000000] Zone ranges:
[    0.000000]   DMA      [mem 0x0000000000001000-0x0000000000ffffff]
[    0.000000]   DMA32    [mem 0x0000000001000000-0x00000000ffffffff]
[    0.000000]   Normal   [mem 0x0000000100000000-0x000000189fffffff]
[    0.000000]   Device   empty
[    0.000000] Movable zone start for each node
[    0.000000] Early memory node ranges
[    0.000000]   node   0: [mem 0x0000000000001000-0x000000000009ffff]
[    0.000000]   node   0: [mem 0x0000000000100000-0x000000005a64efff]
[    0.000000]   node   0: [mem 0x000000005dd03000-0x000000005dd03fff]
[    0.000000]   node   0: [mem 0x000000005dd8a000-0x000000005dffffff]
[    0.000000]   node   0: [mem 0x0000000100000000-0x000000189fffffff]
[    0.000000] Initmem setup node 0 [mem 0x0000000000001000-0x000000189fffffff]
[    0.000000] On node 0 totalpages: 25143397
[    0.000000]   DMA zone: 64 pages used for memmap
[    0.000000]   DMA zone: 26 pages reserved
[    0.000000]   DMA zone: 3999 pages, LIFO batch:0
[    0.000000]   DMA32 zone: 5732 pages used for memmap
[    0.000000]   DMA32 zone: 366790 pages, LIFO batch:31
[    0.000000]   Normal zone: 387072 pages used for memmap
[    0.000000]   Normal zone: 24772608 pages, LIFO batch:31
[    0.000000] ACPI: PM-Timer IO Port: 0x408
[    0.000000] ACPI: Local APIC address 0xfee00000
[    0.000000] ACPI: LAPIC_NMI (acpi_id[0x00] high edge lint[0x1])
[    0.000000] ACPI: LAPIC_NMI (acpi_id[0x02] high edge lint[0x1])
[    0.000000] ACPI: LAPIC_NMI (acpi_id[0x04] high edge lint[0x1])
[    0.000000] ACPI: LAPIC_NMI (acpi_id[0x06] high edge lint[0x1])
[    0.000000] ACPI: LAPIC_NMI (acpi_id[0x08] high edge lint[0x1])
[    0.000000] ACPI: LAPIC_NMI (acpi_id[0x0a] high edge lint[0x1])
[    0.000000] ACPI: LAPIC_NMI (acpi_id[0x01] high edge lint[0x1])
[    0.000000] ACPI: LAPIC_NMI (acpi_id[0x03] high edge lint[0x1])
[    0.000000] ACPI: LAPIC_NMI (acpi_id[0x05] high edge lint[0x1])
[    0.000000] ACPI: LAPIC_NMI (acpi_id[0x07] high edge lint[0x1])
[    0.000000] ACPI: LAPIC_NMI (acpi_id[0x09] high edge lint[0x1])
[    0.000000] ACPI: LAPIC_NMI (acpi_id[0x0b] high edge lint[0x1])
[    0.000000] IOAPIC[0]: apic_id 1, version 32, address 0xfec00000, GSI 0-23
[    0.000000] IOAPIC[1]: apic_id 2, version 32, address 0xfec01000, GSI 24-47
[    0.000000] ACPI: INT_SRC_OVR (bus 0 bus_irq 0 global_irq 2 dfl dfl)
[    0.000000] ACPI: INT_SRC_OVR (bus 0 bus_irq 9 global_irq 9 high level)
[    0.000000] ACPI: IRQ0 used by override.
[    0.000000] ACPI: IRQ9 used by override.
[    0.000000] Using ACPI (MADT) for SMP configuration information
[    0.000000] ACPI: HPET id: 0x8086a701 base: 0xfed00000
[    0.000000] smpboot: Allowing 12 CPUs, 0 hotplug CPUs
[    0.000000] PM: Registered nosave memory: [mem 0x00000000-0x00000fff]
[    0.000000] PM: Registered nosave memory: [mem 0x000a0000-0x000fffff]
[    0.000000] PM: Registered nosave memory: [mem 0x5a64f000-0x5b3b2fff]
[    0.000000] PM: Registered nosave memory: [mem 0x5b3b3000-0x5b413fff]
[    0.000000] PM: Registered nosave memory: [mem 0x5b414000-0x5d614fff]
[    0.000000] PM: Registered nosave memory: [mem 0x5d615000-0x5dc9bfff]
[    0.000000] PM: Registered nosave memory: [mem 0x5dc9c000-0x5dd02fff]
[    0.000000] PM: Registered nosave memory: [mem 0x5dd04000-0x5dd89fff]
[    0.000000] PM: Registered nosave memory: [mem 0x5e000000-0x5effffff]
[    0.000000] PM: Registered nosave memory: [mem 0x5f000000-0xdfffffff]
[    0.000000] PM: Registered nosave memory: [mem 0xe0000000-0xefffffff]
[    0.000000] PM: Registered nosave memory: [mem 0xf0000000-0xfed1bfff]
[    0.000000] PM: Registered nosave memory: [mem 0xfed1c000-0xfed44fff]
[    0.000000] PM: Registered nosave memory: [mem 0xfed45000-0xfeffffff]
[    0.000000] PM: Registered nosave memory: [mem 0xff000000-0xffffffff]
[    0.000000] e820: [mem 0x5f000000-0xdfffffff] available for PCI devices
[    0.000000] Booting paravirtualized kernel on bare hardware
[    0.000000] clocksource: refined-jiffies: mask: 0xffffffff max_cycles: 0xffffffff, max_idle_ns: 7645519600211568 ns
[    0.000000] setup_percpu: NR_CPUS:512 nr_cpumask_bits:512 nr_cpu_ids:12 nr_node_ids:1
[    0.000000] PERCPU: Embedded 34 pages/cpu @ffff88183f200000 s99608 r8192 d31464 u262144
[    0.000000] pcpu-alloc: s99608 r8192 d31464 u262144 alloc=1*2097152
[    0.000000] pcpu-alloc: [0] 00 01 02 03 04 05 06 07 [0] 08 09 10 11 -- -- -- -- 
[    0.000000] Built 1 zonelists in Node order, mobility grouping on.  Total pages: 24750503
[    0.000000] Policy zone: Normal
[    0.000000] Kernel command line: BOOT_IMAGE=/vmlinuz-4.4.0-139-generic.efi.signed root=/dev/mapper/workstation0--vg-root ro
[    0.000000] PID hash table entries: 4096 (order: 3, 32768 bytes)
[    0.000000] Calgary: detecting Calgary via BIOS EBDA area
[    0.000000] Calgary: Unable to locate Rio Grande table in EBDA - bailing!
[    0.000000] Memory: 98653112K/100573588K available (8564K kernel code, 1314K rwdata, 4004K rodata, 1528K init, 1316K bss, 1920476K reserved, 0K cma-reserved)
[    0.000000] SLUB: HWalign=64, Order=0-3, MinObjects=0, CPUs=12, Nodes=1
[    0.000000] Kernel/User page tables isolation: enabled
[    0.000000] Hierarchical RCU implementation.
[    0.000000] 	Build-time adjustment of leaf fanout to 64.
[    0.000000] 	RCU restricting CPUs from NR_CPUS=512 to nr_cpu_ids=12.
[    0.000000] RCU: Adjusting geometry for rcu_fanout_leaf=64, nr_cpu_ids=12
[    0.000000] NR_IRQS:33024 nr_irqs:928 16
[    0.000000] Console: colour dummy device 80x25
[    0.000000] console [tty0] enabled
[    0.000000] clocksource: hpet: mask: 0xffffffff max_cycles: 0xffffffff, max_idle_ns: 133484882848 ns
[    0.000000] hpet clockevent registered
[    0.000000] tsc: Fast TSC calibration using PIT
[    0.000000] tsc: Detected 3597.729 MHz processor
[    0.000021] Calibrating delay loop (skipped), value calculated using timer frequency.. 7195.45 BogoMIPS (lpj=14390916)
[    0.000026] pid_max: default: 32768 minimum: 301
[    0.000032] ACPI: Core revision 20150930
[    0.031705] ACPI: 3 ACPI AML tables successfully acquired and loaded
[    0.032683] Security Framework initialized
[    0.032686] Yama: becoming mindful.
[    0.032698] AppArmor: AppArmor initialized
[    0.037519] Dentry cache hash table entries: 16777216 (order: 15, 134217728 bytes)
[    0.053154] Inode-cache hash table entries: 8388608 (order: 14, 67108864 bytes)
[    0.059810] Mount-cache hash table entries: 262144 (order: 9, 2097152 bytes)
[    0.059890] Mountpoint-cache hash table entries: 262144 (order: 9, 2097152 bytes)
[    0.060399] Initializing cgroup subsys io
[    0.060404] Initializing cgroup subsys memory
[    0.060410] Initializing cgroup subsys devices
[    0.060412] Initializing cgroup subsys freezer
[    0.060415] Initializing cgroup subsys net_cls
[    0.060418] Initializing cgroup subsys perf_event
[    0.060420] Initializing cgroup subsys net_prio
[    0.060424] Initializing cgroup subsys hugetlb
[    0.060427] Initializing cgroup subsys pids
[    0.060445] ENERGY_PERF_BIAS: Set to 'normal', was 'performance'
[    0.060447] ENERGY_PERF_BIAS: View and update with x86_energy_perf_policy(8)
[    0.061136] mce: CPU supports 22 MCE banks
[    0.061163] CPU0: Thermal monitoring enabled (TM1)
[    0.061184] process: using mwait in idle threads
[    0.061188] Last level iTLB entries: 4KB 64, 2MB 8, 4MB 8
[    0.061190] Last level dTLB entries: 4KB 64, 2MB 0, 4MB 0, 1GB 4
[    0.061192] Spectre V2 : Mitigation: Full generic retpoline
[    0.061194] Spectre V2 : Spectre v2 mitigation: Enabling Indirect Branch Prediction Barrier
[    0.061197] Spectre V2 : Spectre v2 mitigation: Enabling Indirect Branch Restricted Speculation
[    0.061201] Spectre V2 : Spectre v2 mitigation: Speculation control IBPB supported IBRS supported
[    0.061203] Spectre V2 : Spectre v2 / SpectreRSB mitigation: Filling RSB on context switch
[    0.061207] Spectre V2 : Retpoline compiled kernel.  Defaulting IBRS to disabled
[    0.061209] Spectre V2 : Enabling Restricted Speculation for firmware calls
[    0.061213] Speculative Store Bypass: Mitigation: Speculative Store Bypass disabled via prctl and seccomp
[    0.061529] Freeing SMP alternatives memory: 32K
[    0.076943] ftrace: allocating 32278 entries in 127 pages
[    0.095346] smpboot: APIC(0) Converting physical 0 to logical package 0
[    0.095349] smpboot: Max logical packages: 2
[    0.095440] x2apic: IRQ remapping doesn't support X2APIC mode
[    0.095495] Switched APIC routing to physical flat.
[    0.095960] ..TIMER: vector=0x30 apic1=0 pin1=2 apic2=-1 pin2=-1
[    0.135647] TSC deadline timer enabled
[    0.135649] smpboot: CPU0: Intel(R) Core(TM) i7-6850K CPU @ 3.60GHz (family: 0x6, model: 0x4f, stepping: 0x1)
[    0.135665] Performance Events: PEBS fmt2+, 16-deep LBR, Broadwell events, full-width counters, Intel PMU driver.
[    0.135681] ... version:                3
[    0.135683] ... bit width:              48
[    0.135685] ... generic registers:      4
[    0.135687] ... value mask:             0000ffffffffffff
[    0.135688] ... max period:             00007fffffffffff
[    0.135690] ... fixed-purpose events:   3
[    0.135692] ... event mask:             000000070000000f
[    0.136292] x86: Booting SMP configuration:
[    0.136294] .... node  #0, CPUs:        #1
[340471.003028] microcode: CPU1 microcode updated early to revision 0xb00002e, date = 2018-04-19
[    0.140546] TSC synchronization [CPU#0 -> CPU#1]:
[    0.140553] Measured 1224921905054548 cycles TSC warp between CPUs, turning off TSC clock.
[    0.140560] tsc: Marking TSC unstable due to check_tsc_sync_source failed
[    0.140727] NMI watchdog: enabled on all CPUs, permanently consumes one hw-PMU counter.
[    0.008000]   #2
[    0.008000] microcode: CPU2 microcode updated early to revision 0xb00002e, date = 2018-04-19
[    0.084002]   #3
[    0.008000] microcode: CPU3 microcode updated early to revision 0xb00002e, date = 2018-04-19
[    0.008000]   #4
[    0.008000] microcode: CPU4 microcode updated early to revision 0xb00002e, date = 2018-04-19
[    0.008000]   #5
[    0.008000] microcode: CPU5 microcode updated early to revision 0xb00002e, date = 2018-04-19
[    0.093513]   #6  #7  #8  #9 #10 #11
[    0.101202] x86: Booted up 1 node, 12 CPUs
[    0.101207] smpboot: Total of 12 processors activated (86345.49 BogoMIPS)
[    0.104119] devtmpfs: initialized
[    0.104119] Using 2GB memory block size for large-memory system
[    0.105231] evm: security.selinux
[    0.105233] evm: security.SMACK64
[    0.105235] evm: security.SMACK64EXEC
[    0.105237] evm: security.SMACK64TRANSMUTE
[    0.105239] evm: security.SMACK64MMAP
[    0.105241] evm: security.ima
[    0.105243] evm: security.capability
[    0.105257] PM: Registering ACPI NVS region [mem 0x5b414000-0x5d614fff] (35655680 bytes)
[    0.105257] clocksource: jiffies: mask: 0xffffffff max_cycles: 0xffffffff, max_idle_ns: 7645041785100000 ns
[    0.105257] futex hash table entries: 4096 (order: 6, 262144 bytes)
[    0.105257] pinctrl core: initialized pinctrl subsystem
[    0.105257] RTC time:  7:23:00, date: 12/17/18
[    0.105257] NET: Registered protocol family 16
[    0.116004] cpuidle: using governor ladder
[    0.140007] cpuidle: using governor menu
[    0.140017] PCCT header not found.
[    0.140172] ACPI FADT declares the system doesn't support PCIe ASPM, so disable it
[    0.140197] ACPI: bus type PCI registered
[    0.140199] acpiphp: ACPI Hot Plug PCI Controller Driver version: 0.5
[    0.140253] PCI: MMCONFIG for domain 0000 [bus 00-ff] at [mem 0xe0000000-0xefffffff] (base 0xe0000000)
[    0.140257] PCI: MMCONFIG at [mem 0xe0000000-0xefffffff] reserved in E820
[    0.140270] PCI: Using configuration type 1 for base access
[    0.160081] ACPI: Added _OSI(Module Device)
[    0.160084] ACPI: Added _OSI(Processor Device)
[    0.160086] ACPI: Added _OSI(3.0 _SCP Extensions)
[    0.160088] ACPI: Added _OSI(Processor Aggregator Device)
[    0.173806] [Firmware Bug]: ACPI: BIOS _OSI(Linux) query ignored
[    0.188061] ACPI : EC: EC started
[    0.188072] ACPI: Interpreter enabled
[    0.188083] ACPI: (supports S0 S3 S4 S5)
[    0.188085] ACPI: Using IOAPIC for interrupt routing
[    0.188102] PCI: Using host bridge windows from ACPI; if necessary, use "pci=nocrs" and report a bug
[    0.210949] ACPI: PCI Root Bridge [UNC0] (domain 0000 [bus ff])
[    0.210955] acpi PNP0A03:03: _OSC: OS supports [ExtendedConfig ASPM ClockPM Segments MSI]
[    2.224085] acpi PNP0A03:03: _OSC: platform does not support [PCIeHotplug]
[    4.240080] acpi PNP0A03:03: _OSC: OS now controls [PME AER PCIeCapability]
[    4.240089] acpi PNP0A03:03: FADT indicates ASPM is unsupported, using BIOS configuration
[    4.240170] PCI host bridge to bus 0000:ff
[    4.240173] pci_bus 0000:ff: root bus resource [bus ff]
[    4.240184] pci 0000:ff:0b.0: [8086:6f81] type 00 class 0x088000
[    4.240228] pci 0000:ff:0b.1: [8086:6f36] type 00 class 0x110100
[    4.240263] pci 0000:ff:0b.2: [8086:6f37] type 00 class 0x110100
[    4.240297] pci 0000:ff:0b.3: [8086:6f76] type 00 class 0x088000
[    4.240332] pci 0000:ff:0c.0: [8086:6fe0] type 00 class 0x088000
[    4.240365] pci 0000:ff:0c.1: [8086:6fe1] type 00 class 0x088000
[    4.240398] pci 0000:ff:0c.2: [8086:6fe2] type 00 class 0x088000
[    4.240431] pci 0000:ff:0c.3: [8086:6fe3] type 00 class 0x088000
[    4.240464] pci 0000:ff:0c.4: [8086:6fe4] type 00 class 0x088000
[    4.240496] pci 0000:ff:0c.5: [8086:6fe5] type 00 class 0x088000
[    4.240532] pci 0000:ff:0f.0: [8086:6ff8] type 00 class 0x088000
[    4.240564] pci 0000:ff:0f.1: [8086:6ff9] type 00 class 0x088000
[    4.240598] pci 0000:ff:0f.4: [8086:6ffc] type 00 class 0x088000
[    4.240632] pci 0000:ff:0f.5: [8086:6ffd] type 00 class 0x088000
[    4.240665] pci 0000:ff:0f.6: [8086:6ffe] type 00 class 0x088000
[    4.240699] pci 0000:ff:10.0: [8086:6f1d] type 00 class 0x088000
[    4.240733] pci 0000:ff:10.1: [8086:6f34] type 00 class 0x110100
[    4.240767] pci 0000:ff:10.5: [8086:6f1e] type 00 class 0x088000
[    4.240799] pci 0000:ff:10.6: [8086:6f7d] type 00 class 0x110100
[    4.240831] pci 0000:ff:10.7: [8086:6f1f] type 00 class 0x088000
[    4.240863] pci 0000:ff:12.0: [8086:6fa0] type 00 class 0x088000
[    4.240886] pci 0000:ff:12.1: [8086:6f30] type 00 class 0x110100
[    4.240927] pci 0000:ff:13.0: [8086:6fa8] type 00 class 0x088000
[    4.240987] pci 0000:ff:13.1: [8086:6f71] type 00 class 0x088000
[    4.241045] pci 0000:ff:13.2: [8086:6faa] type 00 class 0x088000
[    4.241104] pci 0000:ff:13.3: [8086:6fab] type 00 class 0x088000
[    4.241165] pci 0000:ff:13.4: [8086:6fac] type 00 class 0x088000
[    4.241224] pci 0000:ff:13.5: [8086:6fad] type 00 class 0x088000
[    4.241282] pci 0000:ff:13.6: [8086:6fae] type 00 class 0x088000
[    4.241332] pci 0000:ff:13.7: [8086:6faf] type 00 class 0x088000
[    4.241383] pci 0000:ff:14.0: [8086:6fb0] type 00 class 0x088000
[    4.241443] pci 0000:ff:14.1: [8086:6fb1] type 00 class 0x088000
[    4.241502] pci 0000:ff:14.2: [8086:6fb2] type 00 class 0x088000
[    4.241561] pci 0000:ff:14.3: [8086:6fb3] type 00 class 0x088000
[    4.241620] pci 0000:ff:14.4: [8086:6fbc] type 00 class 0x088000
[    4.241670] pci 0000:ff:14.5: [8086:6fbd] type 00 class 0x088000
[    4.241720] pci 0000:ff:14.6: [8086:6fbe] type 00 class 0x088000
[    4.241771] pci 0000:ff:14.7: [8086:6fbf] type 00 class 0x088000
[    4.241823] pci 0000:ff:15.0: [8086:6fb4] type 00 class 0x088000
[    4.241883] pci 0000:ff:15.1: [8086:6fb5] type 00 class 0x088000
[    4.241943] pci 0000:ff:15.2: [8086:6fb6] type 00 class 0x088000
[    4.242003] pci 0000:ff:15.3: [8086:6fb7] type 00 class 0x088000
[    4.242053] pci 0000:ff:16.0: [8086:6f68] type 00 class 0x088000
[    4.242093] pci 0000:ff:16.6: [8086:6f6e] type 00 class 0x088000
[    4.242128] pci 0000:ff:16.7: [8086:6f6f] type 00 class 0x088000
[    4.242166] pci 0000:ff:17.0: [8086:6fd0] type 00 class 0x088000
[    4.242205] pci 0000:ff:17.4: [8086:6fb8] type 00 class 0x088000
[    4.242240] pci 0000:ff:17.5: [8086:6fb9] type 00 class 0x088000
[    4.242276] pci 0000:ff:17.6: [8086:6fba] type 00 class 0x088000
[    4.242313] pci 0000:ff:17.7: [8086:6fbb] type 00 class 0x088000
[    4.242353] pci 0000:ff:1e.0: [8086:6f98] type 00 class 0x088000
[    4.242387] pci 0000:ff:1e.1: [8086:6f99] type 00 class 0x088000
[    4.242421] pci 0000:ff:1e.2: [8086:6f9a] type 00 class 0x088000
[    4.242455] pci 0000:ff:1e.3: [8086:6fc0] type 00 class 0x088000
[    4.242479] pci 0000:ff:1e.4: [8086:6f9c] type 00 class 0x088000
[    4.242516] pci 0000:ff:1f.0: [8086:6f88] type 00 class 0x088000
[    4.242551] pci 0000:ff:1f.2: [8086:6f8a] type 00 class 0x088000
[    4.245281] ACPI: PCI Root Bridge [PCI0] (domain 0000 [bus 00-fe])
[    4.245286] acpi PNP0A08:00: _OSC: OS supports [ExtendedConfig ASPM ClockPM Segments MSI]
[    6.256032] acpi PNP0A08:00: _OSC: platform does not support [PCIeHotplug]
[    8.264050] acpi PNP0A08:00: _OSC: OS now controls [PME AER PCIeCapability]
[    8.264054] acpi PNP0A08:00: FADT indicates ASPM is unsupported, using BIOS configuration
[    8.264256] PCI host bridge to bus 0000:00
[    8.264260] pci_bus 0000:00: root bus resource [io  0x0000-0x0cf7 window]
[    8.264263] pci_bus 0000:00: root bus resource [io  0x1000-0xffff window]
[    8.264266] pci_bus 0000:00: root bus resource [mem 0x000a0000-0x000bffff window]
[    8.264269] pci_bus 0000:00: root bus resource [mem 0x60000000-0xfbffbfff window]
[    8.264273] pci_bus 0000:00: root bus resource [bus 00-fe]
[    8.264281] pci 0000:00:00.0: [8086:6f00] type 00 class 0x060000
[    8.264380] pci 0000:00:01.0: [8086:6f02] type 01 class 0x060400
[    8.264420] pci 0000:00:01.0: PME# supported from D0 D3hot D3cold
[    8.264482] pci 0000:00:01.0: System wakeup disabled by ACPI
[    8.264508] pci 0000:00:01.1: [8086:6f03] type 01 class 0x060400
[    8.264548] pci 0000:00:01.1: PME# supported from D0 D3hot D3cold
[    8.264593] pci 0000:00:01.1: System wakeup disabled by ACPI
[    8.264622] pci 0000:00:02.0: [8086:6f04] type 01 class 0x060400
[    8.264661] pci 0000:00:02.0: PME# supported from D0 D3hot D3cold
[    8.264718] pci 0000:00:02.0: System wakeup disabled by ACPI
[    8.264744] pci 0000:00:03.0: [8086:6f08] type 01 class 0x060400
[    8.264783] pci 0000:00:03.0: PME# supported from D0 D3hot D3cold
[    8.264841] pci 0000:00:03.0: System wakeup disabled by ACPI
[    8.264866] pci 0000:00:05.0: [8086:6f28] type 00 class 0x088000
[    8.264947] pci 0000:00:05.1: [8086:6f29] type 00 class 0x088000
[    8.265037] pci 0000:00:05.2: [8086:6f2a] type 00 class 0x088000
[    8.265116] pci 0000:00:05.4: [8086:6f2c] type 00 class 0x080020
[    8.265126] pci 0000:00:05.4: reg 0x10: [mem 0xfb63d000-0xfb63dfff]
[    8.265217] pci 0000:00:11.0: [8086:8d7c] type 00 class 0xff0000
[    8.265349] pci 0000:00:14.0: [8086:8d31] type 00 class 0x0c0330
[    8.265371] pci 0000:00:14.0: reg 0x10: [mem 0xfb620000-0xfb62ffff 64bit]
[    8.265415] pci 0000:00:14.0: PME# supported from D3hot D3cold
[    8.265462] pci 0000:00:14.0: System wakeup disabled by ACPI
[    8.265492] pci 0000:00:16.0: [8086:8d3a] type 00 class 0x078000
[    8.265516] pci 0000:00:16.0: reg 0x10: [mem 0xfb63c000-0xfb63c00f 64bit]
[    8.265562] pci 0000:00:16.0: PME# supported from D0 D3hot D3cold
[    8.265630] pci 0000:00:19.0: [8086:15a0] type 00 class 0x020000
[    8.265651] pci 0000:00:19.0: reg 0x10: [mem 0xfb600000-0xfb61ffff]
[    8.265658] pci 0000:00:19.0: reg 0x14: [mem 0xfb639000-0xfb639fff]
[    8.265665] pci 0000:00:19.0: reg 0x18: [io  0xf020-0xf03f]
[    8.265705] pci 0000:00:19.0: PME# supported from D0 D3hot D3cold
[    8.265744] pci 0000:00:19.0: System wakeup disabled by ACPI
[    8.265772] pci 0000:00:1a.0: [8086:8d2d] type 00 class 0x0c0320
[    8.265796] pci 0000:00:1a.0: reg 0x10: [mem 0xfb638000-0xfb6383ff]
[    8.265859] pci 0000:00:1a.0: PME# supported from D0 D3hot D3cold
[    8.265907] pci 0000:00:1a.0: System wakeup disabled by ACPI
[    8.265937] pci 0000:00:1b.0: [8086:8d20] type 00 class 0x040300
[    8.265957] pci 0000:00:1b.0: reg 0x10: [mem 0xfb630000-0xfb633fff 64bit]
[    8.266000] pci 0000:00:1b.0: PME# supported from D0 D3hot D3cold
[    8.266064] pci 0000:00:1c.0: [8086:8d10] type 01 class 0x060400
[    8.266118] pci 0000:00:1c.0: PME# supported from D0 D3hot D3cold
[    8.266159] pci 0000:00:1c.0: System wakeup disabled by ACPI
[    8.266187] pci 0000:00:1c.3: [8086:8d16] type 01 class 0x060400
[    8.266242] pci 0000:00:1c.3: PME# supported from D0 D3hot D3cold
[    8.266283] pci 0000:00:1c.3: System wakeup disabled by ACPI
[    8.266311] pci 0000:00:1c.4: [8086:8d18] type 01 class 0x060400
[    8.266365] pci 0000:00:1c.4: PME# supported from D0 D3hot D3cold
[    8.266407] pci 0000:00:1c.4: System wakeup disabled by ACPI
[    8.266434] pci 0000:00:1c.6: [8086:8d1c] type 01 class 0x060400
[    8.266489] pci 0000:00:1c.6: PME# supported from D0 D3hot D3cold
[    8.266530] pci 0000:00:1c.6: System wakeup disabled by ACPI
[    8.266559] pci 0000:00:1d.0: [8086:8d26] type 00 class 0x0c0320
[    8.266584] pci 0000:00:1d.0: reg 0x10: [mem 0xfb637000-0xfb6373ff]
[    8.266647] pci 0000:00:1d.0: PME# supported from D0 D3hot D3cold
[    8.266697] pci 0000:00:1d.0: System wakeup disabled by ACPI
[    8.266727] pci 0000:00:1f.0: [8086:8d47] type 00 class 0x060100
[    8.266874] pci 0000:00:1f.2: [8086:8d02] type 00 class 0x010601
[    8.266892] pci 0000:00:1f.2: reg 0x10: [io  0xf070-0xf077]
[    8.266898] pci 0000:00:1f.2: reg 0x14: [io  0xf060-0xf063]
[    8.266904] pci 0000:00:1f.2: reg 0x18: [io  0xf050-0xf057]
[    8.266910] pci 0000:00:1f.2: reg 0x1c: [io  0xf040-0xf043]
[    8.266916] pci 0000:00:1f.2: reg 0x20: [io  0xf000-0xf01f]
[    8.266922] pci 0000:00:1f.2: reg 0x24: [mem 0xfb636000-0xfb6367ff]
[    8.266945] pci 0000:00:1f.2: PME# supported from D3hot
[    8.267004] pci 0000:00:1f.3: [8086:8d22] type 00 class 0x0c0500
[    8.267016] pci 0000:00:1f.3: reg 0x10: [mem 0xfb635000-0xfb6350ff 64bit]
[    8.267029] pci 0000:00:1f.3: reg 0x20: [io  0x0580-0x059f]
[    8.267206] pci 0000:00:01.0: PCI bridge to [bus 01]
[    8.267320] pci 0000:00:01.1: PCI bridge to [bus 02]
[    8.267438] pci 0000:07:00.0: [10b5:8747] type 01 class 0x060400
[    8.267454] pci 0000:07:00.0: reg 0x10: [mem 0xf7100000-0xf713ffff]
[    8.267501] pci 0000:07:00.0: PME# supported from D0 D3hot D3cold
[    8.276030] pci 0000:00:02.0: PCI bridge to [bus 07-0a]
[    8.276035] pci 0000:00:02.0:   bridge window [io  0xa000-0xbfff]
[    8.276037] pci 0000:00:02.0:   bridge window [mem 0xf4000000-0xf71fffff]
[    8.276040] pci 0000:00:02.0:   bridge window [mem 0x60000000-0x91ffffff 64bit pref]
[    8.276078] pci 0000:08:08.0: [10b5:8747] type 01 class 0x060400
[    8.276141] pci 0000:08:08.0: PME# supported from D0 D3hot D3cold
[    8.276187] pci 0000:08:10.0: [10b5:8747] type 01 class 0x060400
[    8.276248] pci 0000:08:10.0: PME# supported from D0 D3hot D3cold
[    8.276290] pci 0000:07:00.0: PCI bridge to [bus 08-0a]
[    8.276295] pci 0000:07:00.0:   bridge window [io  0xa000-0xbfff]
[    8.276297] pci 0000:07:00.0:   bridge window [mem 0xf4000000-0xf70fffff]
[    8.276301] pci 0000:07:00.0:   bridge window [mem 0x60000000-0x91ffffff 64bit pref]
[    8.276333] pci 0000:0a:00.0: [10de:1b06] type 00 class 0x030000
[    8.276350] pci 0000:0a:00.0: reg 0x10: [mem 0xf4000000-0xf4ffffff]
[    8.276358] pci 0000:0a:00.0: reg 0x14: [mem 0x60000000-0x6fffffff 64bit pref]
[    8.276366] pci 0000:0a:00.0: reg 0x1c: [mem 0x70000000-0x71ffffff 64bit pref]
[    8.276371] pci 0000:0a:00.0: reg 0x24: [io  0xa000-0xa07f]
[    8.276377] pci 0000:0a:00.0: reg 0x30: [mem 0xf5000000-0xf507ffff pref]
[    8.276457] pci 0000:0a:00.1: [10de:10ef] type 00 class 0x040300
[    8.276474] pci 0000:0a:00.1: reg 0x10: [mem 0xf5080000-0xf5083fff]
[    8.288022] pci 0000:08:08.0: PCI bridge to [bus 0a]
[    8.288035] pci 0000:08:08.0:   bridge window [io  0xa000-0xafff]
[    8.288040] pci 0000:08:08.0:   bridge window [mem 0xf4000000-0xf50fffff]
[    8.288048] pci 0000:08:08.0:   bridge window [mem 0x60000000-0x71ffffff 64bit pref]
[    8.288117] pci 0000:09:00.0: [10de:1b06] type 00 class 0x030000
[    8.288134] pci 0000:09:00.0: reg 0x10: [mem 0xf6000000-0xf6ffffff]
[    8.288142] pci 0000:09:00.0: reg 0x14: [mem 0x80000000-0x8fffffff 64bit pref]
[    8.288150] pci 0000:09:00.0: reg 0x1c: [mem 0x90000000-0x91ffffff 64bit pref]
[    8.288155] pci 0000:09:00.0: reg 0x24: [io  0xb000-0xb07f]
[    8.288161] pci 0000:09:00.0: reg 0x30: [mem 0xf7000000-0xf707ffff pref]
[    8.288243] pci 0000:09:00.1: [10de:10ef] type 00 class 0x040300
[    8.288260] pci 0000:09:00.1: reg 0x10: [mem 0xf7080000-0xf7083fff]
[    8.296021] pci 0000:08:10.0: PCI bridge to [bus 09]
[    8.296034] pci 0000:08:10.0:   bridge window [io  0xb000-0xbfff]
[    8.296054] pci 0000:08:10.0:   bridge window [mem 0xf6000000-0xf70fffff]
[    8.296058] pci 0000:08:10.0:   bridge window [mem 0x80000000-0x91ffffff 64bit pref]
[    8.296190] pci 0000:03:00.0: [10b5:8747] type 01 class 0x060400
[    8.296205] pci 0000:03:00.0: reg 0x10: [mem 0xfb100000-0xfb13ffff]
[    8.296252] pci 0000:03:00.0: PME# supported from D0 D3hot D3cold
[    8.304028] pci 0000:00:03.0: PCI bridge to [bus 03-06]
[    8.304032] pci 0000:00:03.0:   bridge window [io  0xc000-0xdfff]
[    8.304034] pci 0000:00:03.0:   bridge window [mem 0xf8000000-0xfb1fffff]
[    8.304037] pci 0000:00:03.0:   bridge window [mem 0xa0000000-0xd1ffffff 64bit pref]
[    8.304073] pci 0000:04:08.0: [10b5:8747] type 01 class 0x060400
[    8.304136] pci 0000:04:08.0: PME# supported from D0 D3hot D3cold
[    8.304180] pci 0000:04:10.0: [10b5:8747] type 01 class 0x060400
[    8.304240] pci 0000:04:10.0: PME# supported from D0 D3hot D3cold
[    8.304283] pci 0000:03:00.0: PCI bridge to [bus 04-06]
[    8.304288] pci 0000:03:00.0:   bridge window [io  0xc000-0xdfff]
[    8.304290] pci 0000:03:00.0:   bridge window [mem 0xf8000000-0xfb0fffff]
[    8.304294] pci 0000:03:00.0:   bridge window [mem 0xa0000000-0xd1ffffff 64bit pref]
[    8.304325] pci 0000:06:00.0: [10de:1b06] type 00 class 0x030000
[    8.304342] pci 0000:06:00.0: reg 0x10: [mem 0xf8000000-0xf8ffffff]
[    8.304350] pci 0000:06:00.0: reg 0x14: [mem 0xa0000000-0xafffffff 64bit pref]
[    8.304358] pci 0000:06:00.0: reg 0x1c: [mem 0xb0000000-0xb1ffffff 64bit pref]
[    8.304363] pci 0000:06:00.0: reg 0x24: [io  0xc000-0xc07f]
[    8.304368] pci 0000:06:00.0: reg 0x30: [mem 0xf9000000-0xf907ffff pref]
[    8.304447] pci 0000:06:00.1: [10de:10ef] type 00 class 0x040300
[    8.304464] pci 0000:06:00.1: reg 0x10: [mem 0xf9080000-0xf9083fff]
[    8.316021] pci 0000:04:08.0: PCI bridge to [bus 06]
[    8.316033] pci 0000:04:08.0:   bridge window [io  0xc000-0xcfff]
[    8.316039] pci 0000:04:08.0:   bridge window [mem 0xf8000000-0xf90fffff]
[    8.316047] pci 0000:04:08.0:   bridge window [mem 0xa0000000-0xb1ffffff 64bit pref]
[    8.316102] pci 0000:05:00.0: [10de:1b06] type 00 class 0x030000
[    8.316124] pci 0000:05:00.0: reg 0x10: [mem 0xfa000000-0xfaffffff]
[    8.316136] pci 0000:05:00.0: reg 0x14: [mem 0xc0000000-0xcfffffff 64bit pref]
[    8.316147] pci 0000:05:00.0: reg 0x1c: [mem 0xd0000000-0xd1ffffff 64bit pref]
[    8.316155] pci 0000:05:00.0: reg 0x24: [io  0xd000-0xd07f]
[    8.316163] pci 0000:05:00.0: reg 0x30: [mem 0xfb000000-0xfb07ffff pref]
[    8.316259] pci 0000:05:00.1: [10de:10ef] type 00 class 0x040300
[    8.316281] pci 0000:05:00.1: reg 0x10: [mem 0xfb080000-0xfb083fff]
[    8.324022] pci 0000:04:10.0: PCI bridge to [bus 05]
[    8.324035] pci 0000:04:10.0:   bridge window [io  0xd000-0xdfff]
[    8.324041] pci 0000:04:10.0:   bridge window [mem 0xfa000000-0xfb0fffff]
[    8.324049] pci 0000:04:10.0:   bridge window [mem 0xc0000000-0xd1ffffff 64bit pref]
[    8.324129] pci 0000:00:1c.0: PCI bridge to [bus 0b]
[    8.324183] pci 0000:0c:00.0: [1b21:1184] type 01 class 0x060400
[    8.324280] pci 0000:0c:00.0: PME# supported from D0 D3hot D3cold
[    8.332017] pci 0000:00:1c.3: PCI bridge to [bus 0c-0f]
[    8.332028] pci 0000:00:1c.3:   bridge window [io  0x8000-0x9fff]
[    8.332034] pci 0000:00:1c.3:   bridge window [mem 0xfb200000-0xfb3fffff]
[    8.332151] pci 0000:0d:01.0: [1b21:1184] type 01 class 0x060400
[    8.332284] pci 0000:0d:01.0: PME# supported from D0 D3hot D3cold
[    8.332364] pci 0000:0d:05.0: [1b21:1184] type 01 class 0x060400
[    8.332461] pci 0000:0d:05.0: PME# supported from D0 D3hot D3cold
[    8.332535] pci 0000:0c:00.0: PCI bridge to [bus 0d-0f]
[    8.332543] pci 0000:0c:00.0:   bridge window [io  0x8000-0x9fff]
[    8.332546] pci 0000:0c:00.0:   bridge window [mem 0xfb200000-0xfb3fffff]
[    8.332624] pci 0000:0e:00.0: [8086:1533] type 00 class 0x020000
[    8.332685] pci 0000:0e:00.0: reg 0x10: [mem 0xfb300000-0xfb37ffff]
[    8.332719] pci 0000:0e:00.0: reg 0x18: [io  0x9000-0x901f]
[    8.332737] pci 0000:0e:00.0: reg 0x1c: [mem 0xfb380000-0xfb383fff]
[    8.332873] pci 0000:0e:00.0: PME# supported from D0 D3hot D3cold
[    8.344036] pci 0000:0d:01.0: PCI bridge to [bus 0e]
[    8.344044] pci 0000:0d:01.0:   bridge window [io  0x9000-0x9fff]
[    8.344047] pci 0000:0d:01.0:   bridge window [mem 0xfb300000-0xfb3fffff]
[    8.344120] pci 0000:0f:00.0: [1b21:0612] type 00 class 0x010601
[    8.344161] pci 0000:0f:00.0: reg 0x10: [io  0x8050-0x8057]
[    8.344175] pci 0000:0f:00.0: reg 0x14: [io  0x8040-0x8043]
[    8.344189] pci 0000:0f:00.0: reg 0x18: [io  0x8030-0x8037]
[    8.344203] pci 0000:0f:00.0: reg 0x1c: [io  0x8020-0x8023]
[    8.344217] pci 0000:0f:00.0: reg 0x20: [io  0x8000-0x801f]
[    8.344231] pci 0000:0f:00.0: reg 0x24: [mem 0xfb200000-0xfb2001ff]
[    8.352022] pci 0000:0d:05.0: PCI bridge to [bus 0f]
[    8.352037] pci 0000:0d:05.0:   bridge window [io  0x8000-0x8fff]
[    8.352044] pci 0000:0d:05.0:   bridge window [mem 0xfb200000-0xfb2fffff]
[    8.352177] pci 0000:10:00.0: [1b21:0612] type 00 class 0x010601
[    8.352206] pci 0000:10:00.0: reg 0x10: [io  0xe050-0xe057]
[    8.352216] pci 0000:10:00.0: reg 0x14: [io  0xe040-0xe043]
[    8.352226] pci 0000:10:00.0: reg 0x18: [io  0xe030-0xe037]
[    8.352237] pci 0000:10:00.0: reg 0x1c: [io  0xe020-0xe023]
[    8.352247] pci 0000:10:00.0: reg 0x20: [io  0xe000-0xe01f]
[    8.352257] pci 0000:10:00.0: reg 0x24: [mem 0xfb500000-0xfb5001ff]
[    8.360011] pci 0000:00:1c.4: PCI bridge to [bus 10]
[    8.360015] pci 0000:00:1c.4:   bridge window [io  0xe000-0xefff]
[    8.360018] pci 0000:00:1c.4:   bridge window [mem 0xfb500000-0xfb5fffff]
[    8.360076] pci 0000:11:00.0: [1b21:1142] type 00 class 0x0c0330
[    8.360118] pci 0000:11:00.0: reg 0x10: [mem 0xfb400000-0xfb407fff 64bit]
[    8.360224] pci 0000:11:00.0: PME# supported from D3cold
[    8.368012] pci 0000:00:1c.6: PCI bridge to [bus 11]
[    8.368018] pci 0000:00:1c.6:   bridge window [mem 0xfb400000-0xfb4fffff]
[    8.368051] pci_bus 0000:00: on NUMA node 0
[    8.368563] ACPI: PCI Interrupt Link [LNKA] (IRQs 3 4 5 6 7 10 *11 12 14 15)
[    8.368600] ACPI: PCI Interrupt Link [LNKB] (IRQs 3 4 5 6 7 *10 11 12 14 15)
[    8.368635] ACPI: PCI Interrupt Link [LNKC] (IRQs *3 4 5 6 10 11 12 14 15)
[    8.368671] ACPI: PCI Interrupt Link [LNKD] (IRQs 3 4 5 6 10 11 12 *14 15)
[    8.368705] ACPI: PCI Interrupt Link [LNKE] (IRQs 3 4 *5 6 7 10 11 12 14 15)
[    8.368740] ACPI: PCI Interrupt Link [LNKF] (IRQs 3 4 5 6 7 10 *11 12 14 15)
[    8.368775] ACPI: PCI Interrupt Link [LNKG] (IRQs 3 4 5 6 *7 10 11 12 14 15)
[    8.368810] ACPI: PCI Interrupt Link [LNKH] (IRQs 3 4 5 6 7 10 11 12 14 *15)
[    8.368900] ACPI: Enabled 2 GPEs in block 00 to 3F
[    8.372000] ACPI : EC: GPE = 0x1e, I/O: command/status = 0x66, data = 0x62
[    8.372017] vgaarb: device added: PCI:0000:0a:00.0,decodes=io+mem,owns=none,locks=none
[    8.372023] vgaarb: device added: PCI:0000:09:00.0,decodes=io+mem,owns=none,locks=none
[    8.372028] vgaarb: device added: PCI:0000:06:00.0,decodes=io+mem,owns=none,locks=none
[    8.372035] vgaarb: setting as boot device: PCI:0000:05:00.0
[    8.372037] vgaarb: device added: PCI:0000:05:00.0,decodes=io+mem,owns=io+mem,locks=none
[    8.372041] vgaarb: loaded
[    8.372043] vgaarb: bridge control possible 0000:05:00.0
[    8.372045] vgaarb: bridge control possible 0000:06:00.0
[    8.372047] vgaarb: bridge control possible 0000:09:00.0
[    8.372049] vgaarb: bridge control possible 0000:0a:00.0
[    8.372202] SCSI subsystem initialized
[    8.372226] libata version 3.00 loaded.
[    8.372226] ACPI: bus type USB registered
[    8.372226] usbcore: registered new interface driver usbfs
[    8.372226] usbcore: registered new interface driver hub
[    8.372226] usbcore: registered new device driver usb
[    8.372226] PCI: Using ACPI for IRQ routing
[    8.374497] PCI: pci_cache_line_size set to 64 bytes
[    8.374622] e820: reserve RAM buffer [mem 0x5a64f000-0x5bffffff]
[    8.374623] e820: reserve RAM buffer [mem 0x5dd04000-0x5fffffff]
[    8.374624] e820: reserve RAM buffer [mem 0x5e000000-0x5fffffff]
[    8.374711] NetLabel: Initializing
[    8.374714] NetLabel:  domain hash size = 128
[    8.374716] NetLabel:  protocols = UNLABELED CIPSOv4
[    8.374725] NetLabel:  unlabeled traffic allowed by default
[    8.376027] hpet0: at MMIO 0xfed00000, IRQs 2, 8, 0, 0, 0, 0, 0, 0
[    8.376033] hpet0: 8 comparators, 64-bit 14.318180 MHz counter
[    8.380019] amd_nb: Cannot enumerate AMD northbridges
[    8.380040] clocksource: Switched to clocksource hpet
[    8.384865] AppArmor: AppArmor Filesystem Enabled
[    8.384914] pnp: PnP ACPI init
[    8.385124] pnp 00:00: Plug and Play ACPI device, IDs PNP0b00 (active)
[    8.385216] system 00:01: [io  0x0500-0x057f] has been reserved
[    8.385220] system 00:01: [io  0x0400-0x047f] has been reserved
[    8.385223] system 00:01: [io  0x0580-0x059f] has been reserved
[    8.385226] system 00:01: [io  0x0600-0x061f] has been reserved
[    8.385229] system 00:01: [io  0x0880-0x0883] has been reserved
[    8.385231] system 00:01: [io  0x0800-0x081f] has been reserved
[    8.385235] system 00:01: [mem 0xfed1c000-0xfed3ffff] has been reserved
[    8.385238] system 00:01: [mem 0xfed45000-0xfed8bfff] has been reserved
[    8.385241] system 00:01: [mem 0xff000000-0xffffffff] has been reserved
[    8.385243] system 00:01: [mem 0xfee00000-0xfeefffff] has been reserved
[    8.385246] system 00:01: [mem 0xfed12000-0xfed1200f] has been reserved
[    8.385249] system 00:01: [mem 0xfed12010-0xfed1201f] has been reserved
[    8.385252] system 00:01: [mem 0xfed1b000-0xfed1bfff] has been reserved
[    8.385256] system 00:01: Plug and Play ACPI device, IDs PNP0c02 (active)
[    8.385360] system 00:02: [io  0x0290-0x029f] has been reserved
[    8.385365] system 00:02: Plug and Play ACPI device, IDs PNP0c02 (active)
[    8.385511] pnp 00:03: [dma 0 disabled]
[    8.385541] pnp 00:03: Plug and Play ACPI device, IDs PNP0501 (active)
[    8.385826] pnp: PnP ACPI: found 4 devices
[    8.391851] clocksource: acpi_pm: mask: 0xffffff max_cycles: 0xffffff, max_idle_ns: 2085701024 ns
[    8.391948] pci 0000:00:01.0: PCI bridge to [bus 01]
[    8.391956] pci 0000:00:01.1: PCI bridge to [bus 02]
[    8.391963] pci 0000:08:08.0: PCI bridge to [bus 0a]
[    8.391966] pci 0000:08:08.0:   bridge window [io  0xa000-0xafff]
[    8.391970] pci 0000:08:08.0:   bridge window [mem 0xf4000000-0xf50fffff]
[    8.391974] pci 0000:08:08.0:   bridge window [mem 0x60000000-0x71ffffff 64bit pref]
[    8.391980] pci 0000:08:10.0: PCI bridge to [bus 09]
[    8.391983] pci 0000:08:10.0:   bridge window [io  0xb000-0xbfff]
[    8.391988] pci 0000:08:10.0:   bridge window [mem 0xf6000000-0xf70fffff]
[    8.391991] pci 0000:08:10.0:   bridge window [mem 0x80000000-0x91ffffff 64bit pref]
[    8.391997] pci 0000:07:00.0: PCI bridge to [bus 08-0a]
[    8.392000] pci 0000:07:00.0:   bridge window [io  0xa000-0xbfff]
[    8.392010] pci 0000:07:00.0:   bridge window [mem 0xf4000000-0xf70fffff]
[    8.392014] pci 0000:07:00.0:   bridge window [mem 0x60000000-0x91ffffff 64bit pref]
[    8.392019] pci 0000:00:02.0: PCI bridge to [bus 07-0a]
[    8.392022] pci 0000:00:02.0:   bridge window [io  0xa000-0xbfff]
[    8.392026] pci 0000:00:02.0:   bridge window [mem 0xf4000000-0xf71fffff]
[    8.392030] pci 0000:00:02.0:   bridge window [mem 0x60000000-0x91ffffff 64bit pref]
[    8.392036] pci 0000:04:08.0: PCI bridge to [bus 06]
[    8.392039] pci 0000:04:08.0:   bridge window [io  0xc000-0xcfff]
[    8.392043] pci 0000:04:08.0:   bridge window [mem 0xf8000000-0xf90fffff]
[    8.392047] pci 0000:04:08.0:   bridge window [mem 0xa0000000-0xb1ffffff 64bit pref]
[    8.392053] pci 0000:04:10.0: PCI bridge to [bus 05]
[    8.392056] pci 0000:04:10.0:   bridge window [io  0xd000-0xdfff]
[    8.392060] pci 0000:04:10.0:   bridge window [mem 0xfa000000-0xfb0fffff]
[    8.392064] pci 0000:04:10.0:   bridge window [mem 0xc0000000-0xd1ffffff 64bit pref]
[    8.392069] pci 0000:03:00.0: PCI bridge to [bus 04-06]
[    8.392072] pci 0000:03:00.0:   bridge window [io  0xc000-0xdfff]
[    8.392077] pci 0000:03:00.0:   bridge window [mem 0xf8000000-0xfb0fffff]
[    8.392081] pci 0000:03:00.0:   bridge window [mem 0xa0000000-0xd1ffffff 64bit pref]
[    8.392086] pci 0000:00:03.0: PCI bridge to [bus 03-06]
[    8.392089] pci 0000:00:03.0:   bridge window [io  0xc000-0xdfff]
[    8.392093] pci 0000:00:03.0:   bridge window [mem 0xf8000000-0xfb1fffff]
[    8.392097] pci 0000:00:03.0:   bridge window [mem 0xa0000000-0xd1ffffff 64bit pref]
[    8.392102] pci 0000:00:1c.0: PCI bridge to [bus 0b]
[    8.392112] pci 0000:0d:01.0: PCI bridge to [bus 0e]
[    8.392116] pci 0000:0d:01.0:   bridge window [io  0x9000-0x9fff]
[    8.392122] pci 0000:0d:01.0:   bridge window [mem 0xfb300000-0xfb3fffff]
[    8.392132] pci 0000:0d:05.0: PCI bridge to [bus 0f]
[    8.392136] pci 0000:0d:05.0:   bridge window [io  0x8000-0x8fff]
[    8.392142] pci 0000:0d:05.0:   bridge window [mem 0xfb200000-0xfb2fffff]
[    8.392152] pci 0000:0c:00.0: PCI bridge to [bus 0d-0f]
[    8.392156] pci 0000:0c:00.0:   bridge window [io  0x8000-0x9fff]
[    8.392162] pci 0000:0c:00.0:   bridge window [mem 0xfb200000-0xfb3fffff]
[    8.392172] pci 0000:00:1c.3: PCI bridge to [bus 0c-0f]
[    8.392175] pci 0000:00:1c.3:   bridge window [io  0x8000-0x9fff]
[    8.392180] pci 0000:00:1c.3:   bridge window [mem 0xfb200000-0xfb3fffff]
[    8.392187] pci 0000:00:1c.4: PCI bridge to [bus 10]
[    8.392190] pci 0000:00:1c.4:   bridge window [io  0xe000-0xefff]
[    8.392195] pci 0000:00:1c.4:   bridge window [mem 0xfb500000-0xfb5fffff]
[    8.392202] pci 0000:00:1c.6: PCI bridge to [bus 11]
[    8.392207] pci 0000:00:1c.6:   bridge window [mem 0xfb400000-0xfb4fffff]
[    8.392215] pci_bus 0000:00: resource 4 [io  0x0000-0x0cf7 window]
[    8.392217] pci_bus 0000:00: resource 5 [io  0x1000-0xffff window]
[    8.392218] pci_bus 0000:00: resource 6 [mem 0x000a0000-0x000bffff window]
[    8.392219] pci_bus 0000:00: resource 7 [mem 0x60000000-0xfbffbfff window]
[    8.392221] pci_bus 0000:07: resource 0 [io  0xa000-0xbfff]
[    8.392222] pci_bus 0000:07: resource 1 [mem 0xf4000000-0xf71fffff]
[    8.392224] pci_bus 0000:07: resource 2 [mem 0x60000000-0x91ffffff 64bit pref]
[    8.392225] pci_bus 0000:08: resource 0 [io  0xa000-0xbfff]
[    8.392226] pci_bus 0000:08: resource 1 [mem 0xf4000000-0xf70fffff]
[    8.392227] pci_bus 0000:08: resource 2 [mem 0x60000000-0x91ffffff 64bit pref]
[    8.392229] pci_bus 0000:0a: resource 0 [io  0xa000-0xafff]
[    8.392230] pci_bus 0000:0a: resource 1 [mem 0xf4000000-0xf50fffff]
[    8.392231] pci_bus 0000:0a: resource 2 [mem 0x60000000-0x71ffffff 64bit pref]
[    8.392233] pci_bus 0000:09: resource 0 [io  0xb000-0xbfff]
[    8.392234] pci_bus 0000:09: resource 1 [mem 0xf6000000-0xf70fffff]
[    8.392235] pci_bus 0000:09: resource 2 [mem 0x80000000-0x91ffffff 64bit pref]
[    8.392237] pci_bus 0000:03: resource 0 [io  0xc000-0xdfff]
[    8.392238] pci_bus 0000:03: resource 1 [mem 0xf8000000-0xfb1fffff]
[    8.392239] pci_bus 0000:03: resource 2 [mem 0xa0000000-0xd1ffffff 64bit pref]
[    8.392241] pci_bus 0000:04: resource 0 [io  0xc000-0xdfff]
[    8.392242] pci_bus 0000:04: resource 1 [mem 0xf8000000-0xfb0fffff]
[    8.392243] pci_bus 0000:04: resource 2 [mem 0xa0000000-0xd1ffffff 64bit pref]
[    8.392244] pci_bus 0000:06: resource 0 [io  0xc000-0xcfff]
[    8.392246] pci_bus 0000:06: resource 1 [mem 0xf8000000-0xf90fffff]
[    8.392247] pci_bus 0000:06: resource 2 [mem 0xa0000000-0xb1ffffff 64bit pref]
[    8.392248] pci_bus 0000:05: resource 0 [io  0xd000-0xdfff]
[    8.392249] pci_bus 0000:05: resource 1 [mem 0xfa000000-0xfb0fffff]
[    8.392251] pci_bus 0000:05: resource 2 [mem 0xc0000000-0xd1ffffff 64bit pref]
[    8.392252] pci_bus 0000:0c: resource 0 [io  0x8000-0x9fff]
[    8.392254] pci_bus 0000:0c: resource 1 [mem 0xfb200000-0xfb3fffff]
[    8.392255] pci_bus 0000:0d: resource 0 [io  0x8000-0x9fff]
[    8.392256] pci_bus 0000:0d: resource 1 [mem 0xfb200000-0xfb3fffff]
[    8.392257] pci_bus 0000:0e: resource 0 [io  0x9000-0x9fff]
[    8.392259] pci_bus 0000:0e: resource 1 [mem 0xfb300000-0xfb3fffff]
[    8.392260] pci_bus 0000:0f: resource 0 [io  0x8000-0x8fff]
[    8.392261] pci_bus 0000:0f: resource 1 [mem 0xfb200000-0xfb2fffff]
[    8.392263] pci_bus 0000:10: resource 0 [io  0xe000-0xefff]
[    8.392264] pci_bus 0000:10: resource 1 [mem 0xfb500000-0xfb5fffff]
[    8.392265] pci_bus 0000:11: resource 1 [mem 0xfb400000-0xfb4fffff]
[    8.392290] NET: Registered protocol family 2
[    8.392513] TCP established hash table entries: 524288 (order: 10, 4194304 bytes)
[    8.393111] TCP bind hash table entries: 65536 (order: 8, 1048576 bytes)
[    8.393257] TCP: Hash tables configured (established 524288 bind 65536)
[    8.393334] UDP hash table entries: 65536 (order: 9, 2097152 bytes)
[    8.393674] UDP-Lite hash table entries: 65536 (order: 9, 2097152 bytes)
[    8.394007] NET: Registered protocol family 1
[    8.432147] PCI: CLS mismatch (64 != 32), using 64 bytes
[    8.432216] pci 0000:05:00.0: Video device with shadowed ROM
[    8.432519] Unpacking initramfs...
[    8.896695] Freeing initrd memory: 51448K
[    8.896719] PCI-DMA: Using software bounce buffering for IO (SWIOTLB)
[    8.896722] software IO TLB [mem 0x49a55000-0x4da55000] (64MB) mapped at [ffff880049a55000-ffff88004da54fff]
[    8.896762] Intel CQM monitoring enabled
[    8.896764] Intel MBM enabled
[    8.896984] clocksource: tsc: mask: 0xffffffffffffffff max_cycles: 0x33dbf1e1412, max_idle_ns: 440795355218 ns
[    8.897047] Scanning for low memory corruption every 60 seconds
[    8.897344] audit: initializing netlink subsys (disabled)
[    8.897357] audit: type=2000 audit(1545031388.896:1): initialized
[    8.897804] Initialise system trusted keyring
[    8.897920] HugeTLB registered 1 GB page size, pre-allocated 0 pages
[    8.897922] HugeTLB registered 2 MB page size, pre-allocated 0 pages
[    8.898737] zbud: loaded
[    8.898960] VFS: Disk quotas dquot_6.6.0
[    8.898982] VFS: Dquot-cache hash table entries: 512 (order 0, 4096 bytes)
[    8.899137] squashfs: version 4.0 (2009/01/31) Phillip Lougher
[    8.899289] fuse init (API version 7.23)
[    8.899377] Key type big_key registered
[    8.899388] Allocating IMA MOK and blacklist keyrings.
[    8.899738] Key type asymmetric registered
[    8.899741] Asymmetric key parser 'x509' registered
[    8.899763] Block layer SCSI generic (bsg) driver version 0.4 loaded (major 249)
[    8.899807] io scheduler noop registered
[    8.899811] io scheduler deadline registered (default)
[    8.899829] io scheduler cfq registered
[    8.901610] aer 0000:00:01.0:pcie02: service driver aer loaded
[    8.901625] aer 0000:00:01.1:pcie02: service driver aer loaded
[    8.901646] aer 0000:00:02.0:pcie02: service driver aer loaded
[    8.901666] aer 0000:00:03.0:pcie02: service driver aer loaded
[    8.901677] pcieport 0000:00:01.0: Signaling PME through PCIe PME interrupt
[    8.901681] pcie_pme 0000:00:01.0:pcie01: service driver pcie_pme loaded
[    8.901685] pcieport 0000:00:01.1: Signaling PME through PCIe PME interrupt
[    8.901689] pcie_pme 0000:00:01.1:pcie01: service driver pcie_pme loaded
[    8.901693] pcieport 0000:00:02.0: Signaling PME through PCIe PME interrupt
[    8.901696] pcieport 0000:07:00.0: Signaling PME through PCIe PME interrupt
[    8.901699] pcieport 0000:08:08.0: Signaling PME through PCIe PME interrupt
[    8.901701] pci 0000:0a:00.0: Signaling PME through PCIe PME interrupt
[    8.901704] pci 0000:0a:00.1: Signaling PME through PCIe PME interrupt
[    8.901706] pcieport 0000:08:10.0: Signaling PME through PCIe PME interrupt
[    8.901709] pci 0000:09:00.0: Signaling PME through PCIe PME interrupt
[    8.901711] pci 0000:09:00.1: Signaling PME through PCIe PME interrupt
[    8.901715] pcie_pme 0000:00:02.0:pcie01: service driver pcie_pme loaded
[    8.901719] pcieport 0000:00:03.0: Signaling PME through PCIe PME interrupt
[    8.901722] pcieport 0000:03:00.0: Signaling PME through PCIe PME interrupt
[    8.901724] pcieport 0000:04:08.0: Signaling PME through PCIe PME interrupt
[    8.901727] pci 0000:06:00.0: Signaling PME through PCIe PME interrupt
[    8.901730] pci 0000:06:00.1: Signaling PME through PCIe PME interrupt
[    8.901732] pcieport 0000:04:10.0: Signaling PME through PCIe PME interrupt
[    8.901735] pci 0000:05:00.0: Signaling PME through PCIe PME interrupt
[    8.901737] pci 0000:05:00.1: Signaling PME through PCIe PME interrupt
[    8.901741] pcie_pme 0000:00:03.0:pcie01: service driver pcie_pme loaded
[    8.901754] pcieport 0000:00:1c.0: Signaling PME through PCIe PME interrupt
[    8.901758] pcie_pme 0000:00:1c.0:pcie01: service driver pcie_pme loaded
[    8.901772] pcieport 0000:00:1c.3: Signaling PME through PCIe PME interrupt
[    8.901774] pcieport 0000:0c:00.0: Signaling PME through PCIe PME interrupt
[    8.901777] pcieport 0000:0d:01.0: Signaling PME through PCIe PME interrupt
[    8.901779] pci 0000:0e:00.0: Signaling PME through PCIe PME interrupt
[    8.901782] pcieport 0000:0d:05.0: Signaling PME through PCIe PME interrupt
[    8.901784] pci 0000:0f:00.0: Signaling PME through PCIe PME interrupt
[    8.901789] pcie_pme 0000:00:1c.3:pcie01: service driver pcie_pme loaded
[    8.901802] pcieport 0000:00:1c.4: Signaling PME through PCIe PME interrupt
[    8.901804] pci 0000:10:00.0: Signaling PME through PCIe PME interrupt
[    8.901808] pcie_pme 0000:00:1c.4:pcie01: service driver pcie_pme loaded
[    8.901821] pcieport 0000:00:1c.6: Signaling PME through PCIe PME interrupt
[    8.901824] pci 0000:11:00.0: Signaling PME through PCIe PME interrupt
[    8.901828] pcie_pme 0000:00:1c.6:pcie01: service driver pcie_pme loaded
[    8.901834] pci_hotplug: PCI Hot Plug PCI Core version: 0.5
[    8.901841] pciehp: PCI Express Hot Plug Controller Driver version: 0.4
[    8.901882] efifb: probing for efifb
[    8.901892] efifb: framebuffer at 0xd1000000, mapped to 0xffffc9000d000000, using 1920k, total 1920k
[    8.901895] efifb: mode is 800x600x32, linelength=3200, pages=1
[    8.901897] efifb: scrolling: redraw
[    8.901900] efifb: Truecolor: size=8:8:8:8, shift=24:16:8:0
[    8.902676] Console: switching to colour frame buffer device 100x37
[    8.903406] fb0: EFI VGA frame buffer device
[    8.903424] intel_idle: MWAIT substates: 0x2120
[    8.903425] intel_idle: v0.4.1 model 0x4F
[    8.903426] intel_idle: lapic_timer_reliable_states 0xffffffff
[    8.903846] input: Power Button as /devices/LNXSYSTM:00/LNXSYBUS:00/PNP0C0C:00/input/input0
[    8.903869] ACPI: Power Button [PWRB]
[    8.903901] input: Power Button as /devices/LNXSYSTM:00/LNXPWRBN:00/input/input1
[    8.903920] ACPI: Power Button [PWRF]
[    8.905192] GHES: HEST is not enabled!
[    8.905304] Serial: 8250/16550 driver, 32 ports, IRQ sharing enabled
[    8.925680] 00:03: ttyS0 at I/O 0x3f8 (irq = 4, base_baud = 115200) is a 16550A
[    8.926762] Linux agpgart interface v0.103
[    8.928685] loop: module loaded
[    8.928860] libphy: Fixed MDIO Bus: probed
[    8.928872] tun: Universal TUN/TAP device driver, 1.6
[    8.929262] tun: (C) 1999-2004 Max Krasnyansky <maxk@qualcomm.com>
[    8.929690] PPP generic driver version 2.4.2
[    8.930132] ehci_hcd: USB 2.0 'Enhanced' Host Controller (EHCI) Driver
[    8.930537] ehci-pci: EHCI PCI platform driver
[    8.931037] ehci-pci 0000:00:1a.0: EHCI Host Controller
[    8.931446] ehci-pci 0000:00:1a.0: new USB bus registered, assigned bus number 1
[    8.931872] ehci-pci 0000:00:1a.0: debug port 2
[    8.936191] ehci-pci 0000:00:1a.0: cache line size of 64 is not supported
[    8.936198] ehci-pci 0000:00:1a.0: irq 18, io mem 0xfb638000
[    8.948022] ehci-pci 0000:00:1a.0: USB 2.0 started, EHCI 1.00
[    8.948466] usb usb1: New USB device found, idVendor=1d6b, idProduct=0002
[    8.948890] usb usb1: New USB device strings: Mfr=3, Product=2, SerialNumber=1
[    8.949312] usb usb1: Product: EHCI Host Controller
[    8.949728] usb usb1: Manufacturer: Linux 4.4.0-139-generic ehci_hcd
[    8.950146] usb usb1: SerialNumber: 0000:00:1a.0
[    8.950656] hub 1-0:1.0: USB hub found
[    8.951066] hub 1-0:1.0: 2 ports detected
[    8.951614] ehci-pci 0000:00:1d.0: EHCI Host Controller
[    8.952024] ehci-pci 0000:00:1d.0: new USB bus registered, assigned bus number 2
[    8.952434] ehci-pci 0000:00:1d.0: debug port 2
[    8.956729] ehci-pci 0000:00:1d.0: cache line size of 64 is not supported
[    8.956737] ehci-pci 0000:00:1d.0: irq 21, io mem 0xfb637000
[    8.968012] ehci-pci 0000:00:1d.0: USB 2.0 started, EHCI 1.00
[    8.968412] usb usb2: New USB device found, idVendor=1d6b, idProduct=0002
[    8.968799] usb usb2: New USB device strings: Mfr=3, Product=2, SerialNumber=1
[    8.969187] usb usb2: Product: EHCI Host Controller
[    8.969570] usb usb2: Manufacturer: Linux 4.4.0-139-generic ehci_hcd
[    8.969955] usb usb2: SerialNumber: 0000:00:1d.0
[    8.970418] hub 2-0:1.0: USB hub found
[    8.970785] hub 2-0:1.0: 2 ports detected
[    8.971221] ehci-platform: EHCI generic platform driver
[    8.971583] ohci_hcd: USB 1.1 'Open' Host Controller (OHCI) Driver
[    8.971946] ohci-pci: OHCI PCI platform driver
[    8.972319] ohci-platform: OHCI generic platform driver
[    8.972676] uhci_hcd: USB Universal Host Controller Interface driver
[    8.973109] xhci_hcd 0000:00:14.0: xHCI Host Controller
[    8.973466] xhci_hcd 0000:00:14.0: new USB bus registered, assigned bus number 3
[    8.974890] xhci_hcd 0000:00:14.0: hcc params 0x200077c1 hci version 0x100 quirks 0x00009810
[    8.975261] xhci_hcd 0000:00:14.0: cache line size of 64 is not supported
[    8.975314] usb usb3: New USB device found, idVendor=1d6b, idProduct=0002
[    8.975683] usb usb3: New USB device strings: Mfr=3, Product=2, SerialNumber=1
[    8.976054] usb usb3: Product: xHCI Host Controller
[    8.976415] usb usb3: Manufacturer: Linux 4.4.0-139-generic xhci-hcd
[    8.976777] usb usb3: SerialNumber: 0000:00:14.0
[    8.977227] hub 3-0:1.0: USB hub found
[    8.977599] hub 3-0:1.0: 15 ports detected
[    8.979369] xhci_hcd 0000:00:14.0: xHCI Host Controller
[    8.979731] xhci_hcd 0000:00:14.0: new USB bus registered, assigned bus number 4
[    8.980126] usb usb4: New USB device found, idVendor=1d6b, idProduct=0003
[    8.980493] usb usb4: New USB device strings: Mfr=3, Product=2, SerialNumber=1
[    8.980860] usb usb4: Product: xHCI Host Controller
[    8.981222] usb usb4: Manufacturer: Linux 4.4.0-139-generic xhci-hcd
[    8.981587] usb usb4: SerialNumber: 0000:00:14.0
[    8.982039] hub 4-0:1.0: USB hub found
[    8.982409] hub 4-0:1.0: 6 ports detected
[    8.983516] xhci_hcd 0000:11:00.0: xHCI Host Controller
[    8.983882] xhci_hcd 0000:11:00.0: new USB bus registered, assigned bus number 5
[    9.044713] xhci_hcd 0000:11:00.0: hcc params 0x0200e081 hci version 0x100 quirks 0x10000410
[    9.045210] usb usb5: New USB device found, idVendor=1d6b, idProduct=0002
[    9.045592] usb usb5: New USB device strings: Mfr=3, Product=2, SerialNumber=1
[    9.045976] usb usb5: Product: xHCI Host Controller
[    9.046353] usb usb5: Manufacturer: Linux 4.4.0-139-generic xhci-hcd
[    9.046736] usb usb5: SerialNumber: 0000:11:00.0
[    9.047199] hub 5-0:1.0: USB hub found
[    9.047576] hub 5-0:1.0: 2 ports detected
[    9.048005] xhci_hcd 0000:11:00.0: xHCI Host Controller
[    9.048380] xhci_hcd 0000:11:00.0: new USB bus registered, assigned bus number 6
[    9.048795] usb usb6: We don't know the algorithms for LPM for this host, disabling LPM.
[    9.049193] usb usb6: New USB device found, idVendor=1d6b, idProduct=0003
[    9.049583] usb usb6: New USB device strings: Mfr=3, Product=2, SerialNumber=1
[    9.049972] usb usb6: Product: xHCI Host Controller
[    9.050359] usb usb6: Manufacturer: Linux 4.4.0-139-generic xhci-hcd
[    9.050749] usb usb6: SerialNumber: 0000:11:00.0
[    9.051214] hub 6-0:1.0: USB hub found
[    9.051600] hub 6-0:1.0: 2 ports detected
[    9.052044] i8042: PNP: No PS/2 controller found. Probing ports directly.
[    9.054842] serio: i8042 KBD port at 0x60,0x64 irq 1
[    9.055224] serio: i8042 AUX port at 0x60,0x64 irq 12
[    9.055702] mousedev: PS/2 mouse device common for all mice
[    9.056171] rtc_cmos 00:00: RTC can wake from S4
[    9.056641] rtc_cmos 00:00: rtc core: registered rtc_cmos as rtc0
[    9.057031] rtc_cmos 00:00: alarms up to one month, y3k, 114 bytes nvram, hpet irqs
[    9.057416] i2c /dev entries driver
[    9.057825] device-mapper: uevent: version 1.0.3
[    9.058276] device-mapper: ioctl: 4.34.0-ioctl (2015-10-28) initialised: dm-devel@redhat.com
[    9.058675] Intel P-state driver initializing.
[    9.059312] ledtrig-cpu: registered to indicate activity on CPUs
[    9.060441] EFI Variables Facility v0.08 2004-May-17
[    9.065161] NET: Registered protocol family 10
[    9.065669] NET: Registered protocol family 17
[    9.066055] Key type dns_resolver registered
[    9.066686] microcode: CPU0 sig=0x406f1, pf=0x4, revision=0xb00002e
[    9.067079] microcode: CPU1 sig=0x406f1, pf=0x4, revision=0xb00002e
[    9.067463] microcode: CPU2 sig=0x406f1, pf=0x4, revision=0xb00002e
[    9.068237] microcode: CPU3 sig=0x406f1, pf=0x4, revision=0xb00002e
[    9.068628] microcode: CPU4 sig=0x406f1, pf=0x4, revision=0xb00002e
[    9.069019] microcode: CPU5 sig=0x406f1, pf=0x4, revision=0xb00002e
[    9.070002] microcode: CPU6 sig=0x406f1, pf=0x4, revision=0xb00002e
[    9.070614] microcode: CPU7 sig=0x406f1, pf=0x4, revision=0xb00002e
[    9.070978] microcode: CPU8 sig=0x406f1, pf=0x4, revision=0xb00002e
[    9.071330] microcode: CPU9 sig=0x406f1, pf=0x4, revision=0xb00002e
[    9.072105] microcode: CPU10 sig=0x406f1, pf=0x4, revision=0xb00002e
[    9.072461] microcode: CPU11 sig=0x406f1, pf=0x4, revision=0xb00002e
[    9.073386] microcode: Microcode Update Driver: v2.01 <tigran@aivazian.fsnet.co.uk>, Peter Oruba
[    9.073833] registered taskstats version 1
[    9.074127] Loading compiled-in X.509 certificates
[    9.074874] Loaded X.509 cert 'Build time autogenerated kernel key: a88b0f663ecfd40e6a501dee2f0b211d51902e35'
[    9.075477] zswap: loaded using pool lzo/zbud
[    9.077515] Key type trusted registered
[    9.081310] Key type encrypted registered
[    9.081618] AppArmor: AppArmor sha1 policy hashing enabled
[    9.081923] ima: No TPM chip found, activating TPM-bypass!
[    9.082226] ima: Allocated hash algorithm: sha1
[    9.082543] evm: HMAC attrs: 0x1
[    9.083369]   Magic number: 14:876:369
[    9.083697] pci 0000:ff:0f.5: hash matches
[    9.084032] acpi device:20f: hash matches
[    9.084508] rtc_cmos 00:00: setting system clock to 2018-12-17 07:23:09 UTC (1545031389)
[    9.084916] BIOS EDD facility v0.16 2004-Jun-25, 0 devices found
[    9.085236] EDD information not available.
[    9.085565] PM: Hibernation image not present or could not be loaded.
[    9.086350] Freeing unused kernel memory: 1528K
[    9.104069] Write protecting the kernel read-only data: 14336k
[    9.104834] Freeing unused kernel memory: 1664K
[    9.105337] Freeing unused kernel memory: 92K
[    9.114545] random: systemd-udevd: uninitialized urandom read (16 bytes read, 3 bits of entropy available)
[    9.114871] random: udevadm: uninitialized urandom read (16 bytes read, 3 bits of entropy available)
[    9.114884] random: udevadm: uninitialized urandom read (16 bytes read, 3 bits of entropy available)
[    9.116556] random: systemd-udevd: uninitialized urandom read (16 bytes read, 3 bits of entropy available)
[    9.117311] random: systemd-udevd: uninitialized urandom read (16 bytes read, 3 bits of entropy available)
[    9.118130] random: systemd-udevd: uninitialized urandom read (16 bytes read, 3 bits of entropy available)
[    9.119509] random: systemd-udevd: uninitialized urandom read (16 bytes read, 3 bits of entropy available)
[    9.120220] random: udevadm: uninitialized urandom read (16 bytes read, 3 bits of entropy available)
[    9.120255] random: udevadm: uninitialized urandom read (16 bytes read, 3 bits of entropy available)
[    9.120845] random: udevadm: uninitialized urandom read (16 bytes read, 3 bits of entropy available)
[    9.169819] FUJITSU Extended Socket Network Device Driver - version 1.0 - Copyright (c) 2015 FUJITSU LIMITED
[    9.188980] ipmi message handler version 39.2
[    9.190690] pps_core: LinuxPPS API ver. 1 registered
[    9.191739] pps_core: Software ver. 5.3.6 - Copyright 2005-2007 Rodolfo Giometti <giometti@linux.it>
[    9.193983] nvidia: loading out-of-tree module taints kernel.
[    9.193985] nvidia: loading out-of-tree module taints kernel.
[    9.193987] nvidia: module license 'NVIDIA' taints kernel.
[    9.193987] Disabling lock debugging due to kernel taint
[    9.198555] nvidia: module verification failed: signature and/or required key missing - tainting kernel
[    9.200827] PTP clock support registered
[    9.202095] ahci 0000:00:1f.2: version 3.0
[    9.202261] ahci 0000:00:1f.2: AHCI 0001.0300 32 slots 6 ports 6 Gbps 0x20 impl SATA mode
[    9.202846] ahci 0000:00:1f.2: flags: 64bit ncq led clo pio ems apst 
[    9.203858] scsi host0: ahci
[    9.205061] scsi host1: ahci
[    9.206197] scsi host2: ahci
[    9.207295] scsi host3: ahci
[    9.208365] scsi host4: ahci
[    9.208978] scsi host5: ahci
[    9.209529] ata1: DUMMY
[    9.210066] ata2: DUMMY
[    9.210081] nvidia-nvlink: Nvlink Core is being initialized, major device number 246
[    9.210289] nvidia 0000:0a:00.0: enabling device (0100 -> 0103)
[    9.210391] vgaarb: device changed decodes: PCI:0000:0a:00.0,olddecodes=io+mem,decodes=none:owns=none
[    9.210457] nvidia 0000:09:00.0: enabling device (0100 -> 0103)
[    9.210523] vgaarb: device changed decodes: PCI:0000:09:00.0,olddecodes=io+mem,decodes=none:owns=none
[    9.210576] nvidia 0000:06:00.0: enabling device (0100 -> 0103)
[    9.210641] vgaarb: device changed decodes: PCI:0000:06:00.0,olddecodes=io+mem,decodes=none:owns=none
[    9.210754] vgaarb: device changed decodes: PCI:0000:05:00.0,olddecodes=io+mem,decodes=none:owns=io+mem
[    9.210811] NVRM: loading NVIDIA UNIX x86_64 Kernel Module  396.44  Wed Jul 11 16:51:49 PDT 2018 (using threaded interrupts)
[    9.222619] ata3: DUMMY
[    9.223422] ata4: DUMMY
[    9.224213] ata5: DUMMY
[    9.224989] ata6: SATA max UDMA/133 abar m2048@0xfb636000 port 0xfb636380 irq 53
[    9.225043] e1000e: Intel(R) PRO/1000 Network Driver - 3.2.6-k
[    9.225043] e1000e: Copyright(c) 1999 - 2015 Intel Corporation.
[    9.227410] dca service started, version 1.12.1
[    9.227430] e1000e 0000:00:19.0: Interrupt Throttling Rate (ints/sec) set to dynamic conservative mode
[    9.227471] ahci 0000:0f:00.0: SSS flag set, parallel bus scan disabled
[    9.227521] ahci 0000:0f:00.0: AHCI 0001.0200 32 slots 2 ports 6 Gbps 0x3 impl SATA mode
[    9.227523] ahci 0000:0f:00.0: flags: 64bit ncq sntf stag led clo pmp pio slum part ccc sxs 
[    9.227733] scsi host6: ahci
[    9.227803] scsi host7: ahci
[    9.227829] ata7: SATA max UDMA/133 abar m512@0xfb200000 port 0xfb200100 irq 54
[    9.227831] ata8: SATA max UDMA/133 abar m512@0xfb200000 port 0xfb200180 irq 54
[    9.227909] ahci 0000:10:00.0: SSS flag set, parallel bus scan disabled
[    9.227940] ahci 0000:10:00.0: AHCI 0001.0200 32 slots 2 ports 6 Gbps 0x3 impl SATA mode
[    9.227941] ahci 0000:10:00.0: flags: 64bit ncq sntf stag led clo pmp pio slum part ccc 
[    9.228148] scsi host8: ahci
[    9.228225] scsi host9: ahci
[    9.228253] ata9: SATA max UDMA/133 abar m512@0xfb500000 port 0xfb500100 irq 56
[    9.228255] ata10: SATA max UDMA/133 abar m512@0xfb500000 port 0xfb500180 irq 56
[    9.241181] [drm] Initialized drm 1.1.0 20060810
[    9.244659] igb: Intel(R) Gigabit Ethernet Network Driver - version 5.3.0-k
[    9.245543] igb: Copyright (c) 2007-2014 Intel Corporation.
[    9.248327] AVX2 version of gcm_enc/dec engaged.
[    9.248785] AES CTR mode by8 optimization enabled
[    9.262970] nvidia-modeset: Loading NVIDIA Kernel Mode Setting Driver for UNIX platforms  396.44  Wed Jul 11 21:11:10 PDT 2018
[    9.264060] usb 1-1: new high-speed USB device number 2 using ehci-pci
[    9.264805] [drm] [nvidia-drm] [GPU ID 0x00000a00] Loading driver
[    9.265306] [drm] [nvidia-drm] [GPU ID 0x00000900] Loading driver
[    9.265791] [drm] [nvidia-drm] [GPU ID 0x00000600] Loading driver
[    9.266256] [drm] [nvidia-drm] [GPU ID 0x00000500] Loading driver
[    9.280090] usb 2-1: new high-speed USB device number 2 using ehci-pci
[    9.288053] usb 3-9: new high-speed USB device number 2 using xhci_hcd
[    9.386852] e1000e 0000:00:19.0 eth0: registered PHC clock
[    9.387267] e1000e 0000:00:19.0 eth0: (PCI Express:2.5GT/s:Width x1) 2c:4d:54:44:ed:19
[    9.387668] e1000e 0000:00:19.0 eth0: Intel(R) PRO/1000 Network Connection
[    9.388110] e1000e 0000:00:19.0 eth0: MAC: 11, PHY: 12, PBA No: FFFFFF-0FF
[    9.389133] e1000e 0000:00:19.0 eno1: renamed from eth0
[    9.396470] usb 1-1: New USB device found, idVendor=8087, idProduct=800a
[    9.396868] usb 1-1: New USB device strings: Mfr=0, Product=0, SerialNumber=0
[    9.397454] hub 1-1:1.0: USB hub found
[    9.397933] hub 1-1:1.0: 6 ports detected
[    9.412462] usb 2-1: New USB device found, idVendor=8087, idProduct=8002
[    9.412835] usb 2-1: New USB device strings: Mfr=0, Product=0, SerialNumber=0
[    9.413424] hub 2-1:1.0: USB hub found
[    9.413907] hub 2-1:1.0: 8 ports detected
[    9.441605] usb 3-9: New USB device found, idVendor=174c, idProduct=2074
[    9.442287] usb 3-9: New USB device strings: Mfr=2, Product=3, SerialNumber=0
[    9.442665] usb 3-9: Product: ASM107x
[    9.443030] usb 3-9: Manufacturer: ASUS TEK.
[    9.443642] hub 3-9:1.0: USB hub found
[    9.444169] hub 3-9:1.0: 4 ports detected
[    9.481837] pps pps0: new PPS source ptp1
[    9.482272] igb 0000:0e:00.0: added PHC on eth0
[    9.482641] igb 0000:0e:00.0: Intel(R) Gigabit Ethernet Network Connection
[    9.482991] igb 0000:0e:00.0: eth0: (PCIe:2.5Gb/s:Width x1) 2c:4d:54:44:ed:1a
[    9.483394] igb 0000:0e:00.0: eth0: PBA No: 000300-000
[    9.483731] igb 0000:0e:00.0: Using MSI-X interrupts. 4 rx queue(s), 4 tx queue(s)
[    9.484703] igb 0000:0e:00.0 enp14s0: renamed from eth0
[    9.544076] ata6: SATA link up 6.0 Gbps (SStatus 133 SControl 300)
[    9.546083] ata6.00: ACPI cmd ef/10:06:00:00:00:00 (SET FEATURES) succeeded
[    9.546091] ata6.00: ACPI cmd f5/00:00:00:00:00:00 (SECURITY FREEZE LOCK) filtered out
[    9.546528] ata6.00: ACPI cmd b1/c1:00:00:00:00:00 (DEVICE CONFIGURATION OVERLAY) filtered out
[    9.552086] ata7: SATA link down (SStatus 0 SControl 300)
[    9.563933] usb 4-5: new SuperSpeed USB device number 2 using xhci_hcd
[    9.687714] usb 4-5: New USB device found, idVendor=174c, idProduct=3074
[    9.688340] usb 4-5: New USB device strings: Mfr=2, Product=3, SerialNumber=0
[    9.688709] usb 4-5: Product: ASM107x
[    9.689078] usb 4-5: Manufacturer: ASUS TEK.
[    9.694090] ata6.00: ATA-8: TOSHIBA MC04ACA300E, FP2A, max UDMA/100
[    9.694616] ata6.00: 5860533168 sectors, multi 16: LBA48 NCQ (depth 31/32), AA
[    9.695853] ata6.00: ACPI cmd ef/10:06:00:00:00:00 (SET FEATURES) succeeded
[    9.695856] ata6.00: ACPI cmd f5/00:00:00:00:00:00 (SECURITY FREEZE LOCK) filtered out
[    9.696248] ata6.00: ACPI cmd b1/c1:00:00:00:00:00 (DEVICE CONFIGURATION OVERLAY) filtered out
[    9.697384] ata6.00: configured for UDMA/100
[    9.698026] scsi 5:0:0:0: Direct-Access     ATA      TOSHIBA MC04ACA3 FP2A PQ: 0 ANSI: 5
[    9.698706] sd 5:0:0:0: [sda] 5860533168 512-byte logical blocks: (3.00 TB/2.73 TiB)
[    9.698720] sd 5:0:0:0: Attached scsi generic sg0 type 0
[    9.699516] sd 5:0:0:0: [sda] 4096-byte physical blocks
[    9.700061] sd 5:0:0:0: [sda] Write Protect is off
[    9.700475] sd 5:0:0:0: [sda] Mode Sense: 00 3a 00 00
[    9.700563] sd 5:0:0:0: [sda] Write cache: enabled, read cache: enabled, doesn't support DPO or FUA
[    9.720058] ata9: SATA link up 6.0 Gbps (SStatus 133 SControl 300)
[    9.722026] ata9.00: supports DRM functions and may not be fully accessible
[    9.722713] ata9.00: disabling queued TRIM support
[    9.722714] ata9.00: ATA-9: Samsung SSD 850 PRO 512GB, EXM04B6Q, max UDMA/133
[    9.723119] ata9.00: 1000215216 sectors, multi 1: LBA48 NCQ (depth 31/32), AA
[    9.724220] ata9.00: supports DRM functions and may not be fully accessible
[    9.724857] ata9.00: disabling queued TRIM support
[    9.725259] ata9.00: configured for UDMA/133
[    9.749238] hub 4-5:1.0: USB hub found
[    9.761726] hub 4-5:1.0: 4 ports detected
[    9.792060] usb 3-10: new high-speed USB device number 3 using xhci_hcd
[    9.937510]  sda: sda1
[    9.938192] sd 5:0:0:0: [sda] Attached SCSI disk
[    9.945541] usb 3-10: New USB device found, idVendor=174c, idProduct=2074
[    9.945980] usb 3-10: New USB device strings: Mfr=2, Product=3, SerialNumber=0
[    9.946412] usb 3-10: Product: ASM107x
[    9.946838] usb 3-10: Manufacturer: ASUS TEK.
[    9.947535] hub 3-10:1.0: USB hub found
[    9.948111] hub 3-10:1.0: 4 ports detected
[   10.016082] ata8: SATA link down (SStatus 0 SControl 300)
[   10.016854] scsi 8:0:0:0: Direct-Access     ATA      Samsung SSD 850  4B6Q PQ: 0 ANSI: 5
[   10.017577] sd 8:0:0:0: [sdb] 1000215216 512-byte logical blocks: (512 GB/477 GiB)
[   10.017590] sd 8:0:0:0: Attached scsi generic sg1 type 0
[   10.018698] sd 8:0:0:0: [sdb] Write Protect is off
[   10.019136] sd 8:0:0:0: [sdb] Mode Sense: 00 3a 00 00
[   10.019207] sd 8:0:0:0: [sdb] Write cache: enabled, read cache: enabled, doesn't support DPO or FUA
[   10.022966]  sdb: sdb1 sdb2 sdb3
[   10.023742] sd 8:0:0:0: [sdb] Attached SCSI disk
[   10.067943] usb 4-6: new SuperSpeed USB device number 3 using xhci_hcd
[   10.210663] usb 4-6: New USB device found, idVendor=174c, idProduct=3074
[   10.211092] usb 4-6: New USB device strings: Mfr=2, Product=3, SerialNumber=0
[   10.211505] usb 4-6: Product: ASM107x
[   10.211907] usb 4-6: Manufacturer: ASUS TEK.
[   10.268066] usb 3-10.2: new full-speed USB device number 4 using xhci_hcd
[   10.272286] hub 4-6:1.0: USB hub found
[   10.302885] hub 4-6:1.0: 4 ports detected
[   10.336077] ata10: SATA link down (SStatus 0 SControl 300)
[   10.390766] usb 3-10.2: New USB device found, idVendor=046d, idProduct=c52b
[   10.391169] usb 3-10.2: New USB device strings: Mfr=1, Product=2, SerialNumber=0
[   10.391564] usb 3-10.2: Product: USB Receiver
[   10.391951] usb 3-10.2: Manufacturer: Logitech
[   10.395801] hidraw: raw HID events driver (C) Jiri Kosina
[   10.401211] usbcore: registered new interface driver usbhid
[   10.401630] usbhid: USB HID core driver
[   10.404160] logitech-djreceiver 0003:046D:C52B.0003: hiddev0,hidraw0: USB HID v1.11 Device [Logitech USB Receiver] on usb-0000:00:14.0-10.2/input2
[   10.524159] input: Logitech M325 as /devices/pci0000:00/0000:00:14.0/usb3/3-10/3-10.2/3-10.2:1.2/0003:046D:C52B.0003/0003:046D:400A.0004/input/input5
[   10.525045] logitech-hidpp-device 0003:046D:400A.0004: input,hidraw1: USB HID v1.11 Mouse [Logitech M325] on usb-0000:00:14.0-10.2:1
[   10.551998] md: linear personality registered for level -1
[   10.554183] md: multipath personality registered for level -4
[   10.556387] md: raid0 personality registered for level 0
[   10.558749] md: raid1 personality registered for level 1
[   10.628040] raid6: sse2x1   gen() 12252 MB/s
[   10.696034] raid6: sse2x1   xor()  9079 MB/s
[   10.764044] raid6: sse2x2   gen() 15049 MB/s
[   10.832043] raid6: sse2x2   xor()  9876 MB/s
[   10.900046] raid6: sse2x4   gen() 17501 MB/s
[   10.968044] raid6: sse2x4   xor() 11897 MB/s
[   11.036044] raid6: avx2x1   gen() 23695 MB/s
[   11.104042] raid6: avx2x2   gen() 28028 MB/s
[   11.172042] raid6: avx2x4   gen() 31629 MB/s
[   11.172430] raid6: using algorithm avx2x4 gen() 31629 MB/s
[   11.172794] raid6: using avx2x2 recovery algorithm
[   11.174072] xor: automatically using best checksumming function:
[   11.212031]    avx       : 33916.000 MB/sec
[   11.213314] async_tx: api initialized (async)
[   11.218553] md: raid6 personality registered for level 6
[   11.218927] md: raid5 personality registered for level 5
[   11.219288] md: raid4 personality registered for level 4
[   11.223146] md: raid10 personality registered for level 10
[   11.287233] Btrfs loaded
[   11.344318] EXT4-fs (dm-0): mounted filesystem with ordered data mode. Opts: (null)
[   11.437161] systemd[1]: systemd 229 running in system mode. (+PAM +AUDIT +SELINUX +IMA +APPARMOR +SMACK +SYSVINIT +UTMP +LIBCRYPTSETUP +GCRYPT +GNUTLS +ACL +XZ -LZ4 +SECCOMP +BLKID +ELFUTILS +KMOD -IDN)
[   11.438535] systemd[1]: Detected architecture x86-64.
[   11.440611] systemd[1]: Set hostname to <workstation0>.
[   11.508754] systemd[1]: Created slice User and Session Slice.
[   11.509633] systemd[1]: Listening on fsck to fsckd communication Socket.
[   11.510516] systemd[1]: Listening on udev Control Socket.
[   11.511395] systemd[1]: Started Trigger resolvconf update for networkd DNS.
[   11.512366] systemd[1]: Listening on Device-mapper event daemon FIFOs.
[   11.513313] systemd[1]: Listening on Journal Socket (/dev/log).
[   11.514251] systemd[1]: Reached target User and Group Name Lookups.
[   11.515187] systemd[1]: Listening on udev Kernel Socket.
[   11.516175] systemd[1]: Listening on LVM2 metadata daemon socket.
[   11.517166] systemd[1]: Listening on Journal Audit Socket.
[   11.518111] systemd[1]: Listening on Syslog Socket.
[   11.519037] systemd[1]: Started Forward Password Requests to Wall Directory Watch.
[   11.519957] systemd[1]: Listening on /dev/initctl Compatibility Named Pipe.
[   11.520936] systemd[1]: Listening on LVM2 poll daemon socket.
[   11.521952] systemd[1]: Set up automount Arbitrary Executable File Formats File System Automount Point.
[   11.523332] systemd[1]: Listening on Journal Socket.
[   11.524279] systemd[1]: Reached target Encrypted Volumes.
[   11.525360] systemd[1]: Created slice System Slice.
[   11.536157] systemd[1]: Starting Journal Service...
[   11.537561] systemd[1]: Mounting Huge Pages File System...
[   11.538933] systemd[1]: Starting Monitoring of LVM2 mirrors, snapshots etc. using dmeventd or progress polling...
[   11.540872] systemd[1]: Started Read required files in advance.
[   11.542366] systemd[1]: Started Braille Device Support.
[   11.543815] systemd[1]: Starting Set console keymap...
[   11.545255] systemd[1]: Mounting POSIX Message Queue File System...
[   11.546461] systemd[1]: Created slice system-systemd\x2dfsck.slice.
[   11.547863] systemd[1]: Starting Uncomplicated firewall...
[   11.550884] systemd[1]: Reached target Slices.
[   11.552397] systemd[1]: Starting Create list of required static device nodes for the current kernel...
[   11.554335] systemd[1]: Mounting Debug File System...
[   11.559141] systemd[1]: Starting Load Kernel Modules...
[   11.561146] systemd[1]: Mounted Huge Pages File System.
[   11.562199] systemd[1]: Mounted Debug File System.
[   11.563235] systemd[1]: Mounted POSIX Message Queue File System.
[   11.564827] systemd[1]: Started Uncomplicated firewall.
[   11.566138] systemd[1]: Started Create list of required static device nodes for the current kernel.
[   11.572428] lp: driver loaded but no devices found
[   11.574662] ppdev: user-space parallel port driver
[   11.579752] Loading iSCSI transport class v2.0-870.
[   11.580844] systemd[1]: Started Set console keymap.
[   11.584443] iscsi: registered transport (tcp)
[   11.589173] systemd[1]: Started LVM2 metadata daemon.
[   11.590660] systemd[1]: Starting Create Static Device Nodes in /dev...
[   11.592466] systemd[1]: Started Journal Service.
[   11.609292] iscsi: registered transport (iser)
[   11.750150] EXT4-fs (dm-0): re-mounted. Opts: errors=remount-ro
[   11.760787] systemd-journald[451]: Received request to flush runtime journal from PID 1
[   11.854917] wmi: Mapper loaded
[   11.896886] nvidia-uvm: Loaded the UVM driver in 8 mode, major device number 243
[   11.929933] shpchp: Standard Hot Plug PCI Controller Driver version: 0.4
[   11.958724] snd_hda_intel 0000:00:1b.0: enabling device (0000 -> 0002)
[   11.960355] snd_hda_intel 0000:0a:00.1: enabling device (0100 -> 0102)
[   11.960464] snd_hda_intel 0000:0a:00.1: Disabling MSI
[   11.960478] snd_hda_intel 0000:0a:00.1: Handle vga_switcheroo audio client
[   11.961341] snd_hda_intel 0000:09:00.1: enabling device (0100 -> 0102)
[   11.961439] snd_hda_intel 0000:09:00.1: Disabling MSI
[   11.961454] snd_hda_intel 0000:09:00.1: Handle vga_switcheroo audio client
[   11.961485] snd_hda_intel 0000:06:00.1: enabling device (0100 -> 0102)
[   11.961551] snd_hda_intel 0000:06:00.1: Disabling MSI
[   11.961572] snd_hda_intel 0000:06:00.1: Handle vga_switcheroo audio client
[   11.962531] snd_hda_intel 0000:05:00.1: Disabling MSI
[   11.962567] snd_hda_intel 0000:05:00.1: Handle vga_switcheroo audio client
[   11.965741] random: nonblocking pool is initialized
[   11.972610] snd_hda_codec_realtek hdaudioC0D0: ALC1150: SKU not ready 0x00000000
[   11.973122] snd_hda_codec_realtek hdaudioC0D0: autoconfig for ALC1150: line_outs=3 (0x14/0x15/0x16/0x0/0x0) type:line
[   11.973125] snd_hda_codec_realtek hdaudioC0D0:    speaker_outs=0 (0x0/0x0/0x0/0x0/0x0)
[   11.973127] snd_hda_codec_realtek hdaudioC0D0:    hp_outs=1 (0x1b/0x0/0x0/0x0/0x0)
[   11.973129] snd_hda_codec_realtek hdaudioC0D0:    mono: mono_out=0x0
[   11.973130] snd_hda_codec_realtek hdaudioC0D0:    dig-out=0x11/0x1e
[   11.973132] snd_hda_codec_realtek hdaudioC0D0:    inputs:
[   11.973134] snd_hda_codec_realtek hdaudioC0D0:      Front Mic=0x19
[   11.973137] snd_hda_codec_realtek hdaudioC0D0:      Rear Mic=0x18
[   11.973138] snd_hda_codec_realtek hdaudioC0D0:      Line=0x1a
[   11.984816] input: HDA Intel PCH Front Mic as /devices/pci0000:00/0000:00:1b.0/sound/card0/input6
[   11.984874] input: HDA Intel PCH Rear Mic as /devices/pci0000:00/0000:00:1b.0/sound/card0/input7
[   11.984931] input: HDA Intel PCH Line as /devices/pci0000:00/0000:00:1b.0/sound/card0/input8
[   11.984982] input: HDA Intel PCH Line Out Front as /devices/pci0000:00/0000:00:1b.0/sound/card0/input9
[   11.985035] input: HDA Intel PCH Line Out Surround as /devices/pci0000:00/0000:00:1b.0/sound/card0/input10
[   11.985500] input: HDA Intel PCH Line Out CLFE as /devices/pci0000:00/0000:00:1b.0/sound/card0/input11
[   11.985562] input: HDA Intel PCH Front Headphone as /devices/pci0000:00/0000:00:1b.0/sound/card0/input12
[   11.985877] EDAC MC: Ver: 3.0.0
[   11.988079] EDAC sbridge: Seeking for: PCI ID 8086:6fa0
[   11.988088] EDAC sbridge: Seeking for: PCI ID 8086:6fa0
[   11.988105] EDAC sbridge: Seeking for: PCI ID 8086:6ffc
[   11.988110] EDAC sbridge: Seeking for: PCI ID 8086:6ffc
[   11.988120] EDAC sbridge: Seeking for: PCI ID 8086:6ffd
[   11.988123] EDAC sbridge: Seeking for: PCI ID 8086:6ffd
[   11.988128] EDAC sbridge: Seeking for: PCI ID 8086:6f60
[   11.988134] EDAC sbridge: Seeking for: PCI ID 8086:6fa8
[   11.988141] EDAC sbridge: Seeking for: PCI ID 8086:6fa8
[   11.988157] EDAC sbridge: Seeking for: PCI ID 8086:6f71
[   11.988164] EDAC sbridge: Seeking for: PCI ID 8086:6f71
[   11.988181] EDAC sbridge: Seeking for: PCI ID 8086:6faa
[   11.988188] EDAC sbridge: Seeking for: PCI ID 8086:6faa
[   11.988206] EDAC sbridge: Seeking for: PCI ID 8086:6fab
[   11.988212] EDAC sbridge: Seeking for: PCI ID 8086:6fab
[   11.988229] EDAC sbridge: Seeking for: PCI ID 8086:6fac
[   11.988237] EDAC sbridge: Seeking for: PCI ID 8086:6fac
[   11.988253] EDAC sbridge: Seeking for: PCI ID 8086:6fad
[   11.988259] EDAC sbridge: Seeking for: PCI ID 8086:6fad
[   11.988275] EDAC sbridge: Seeking for: PCI ID 8086:6faf
[   11.988280] EDAC sbridge: Seeking for: PCI ID 8086:6faf
[   11.988285] EDAC sbridge: Seeking for: PCI ID 8086:6f68
[   11.988288] EDAC sbridge: Seeking for: PCI ID 8086:6f68
[   11.988292] EDAC sbridge: Seeking for: PCI ID 8086:6f79
[   11.988313] EDAC sbridge: Seeking for: PCI ID 8086:6f6a
[   11.988335] EDAC sbridge: Seeking for: PCI ID 8086:6f6b
[   11.988356] EDAC sbridge: Seeking for: PCI ID 8086:6f6c
[   11.988379] EDAC sbridge: Seeking for: PCI ID 8086:6f6d
[   11.988405] EDAC sbridge: ECC is disabled. Aborting
[   11.988786] EDAC sbridge: Couldn't find mci handler
[   12.018204] kvm: disabled by bios
[   12.024874] intel_rapl: Found RAPL domain package
[   12.041202] asus_wmi: ASUS WMI generic driver loaded
[   12.043553] asus_wmi: Initialization: 0x0
[   12.043570] asus_wmi: BIOS WMI version: 0.9
[   12.043600] asus_wmi: SFUN value: 0x0
[   12.044177] input: Eee PC WMI hotkeys as /devices/platform/eeepc-wmi/input/input13
[   12.044277] asus_wmi: Number of fans: 1
[   12.765832] Adding 1003516k swap on /dev/mapper/workstation0--vg-swap_1.  Priority:-1 extents:1 across:1003516k SSFS
[   12.989806] pmd_set_huge: Cannot satisfy [mem 0xd0000000-0xd0200000] with a huge-page mapping due to MTRR override.
[   13.173379] EXT4-fs (sdb2): mounting ext2 file system using the ext4 subsystem
[   13.178130] EXT4-fs (sdb2): mounted filesystem without journal. Opts: (null)
[   13.241245] EXT4-fs (sda1): mounted filesystem with ordered data mode. Opts: (null)
[   13.243193] audit: type=1400 audit(1545031393.652:2): apparmor="STATUS" operation="profile_load" profile="unconfined" name="/usr/bin/lxc-start" pid=1057 comm="apparmor_parser"
[   13.243333] audit: type=1400 audit(1545031393.652:3): apparmor="STATUS" operation="profile_load" profile="unconfined" name="/usr/sbin/ippusbxd" pid=1064 comm="apparmor_parser"
[   13.244301] audit: type=1400 audit(1545031393.656:4): apparmor="STATUS" operation="profile_load" profile="unconfined" name="/sbin/dhclient" pid=1054 comm="apparmor_parser"
[   13.244308] audit: type=1400 audit(1545031393.656:5): apparmor="STATUS" operation="profile_load" profile="unconfined" name="/usr/lib/NetworkManager/nm-dhcp-client.action" pid=1054 comm="apparmor_parser"
[   13.244312] audit: type=1400 audit(1545031393.656:6): apparmor="STATUS" operation="profile_load" profile="unconfined" name="/usr/lib/NetworkManager/nm-dhcp-helper" pid=1054 comm="apparmor_parser"
[   13.244317] audit: type=1400 audit(1545031393.656:7): apparmor="STATUS" operation="profile_load" profile="unconfined" name="/usr/lib/connman/scripts/dhclient-script" pid=1054 comm="apparmor_parser"
[   13.244347] audit: type=1400 audit(1545031393.656:8): apparmor="STATUS" operation="profile_load" profile="unconfined" name="/usr/sbin/tcpdump" pid=1069 comm="apparmor_parser"
[   13.244525] audit: type=1400 audit(1545031393.656:9): apparmor="STATUS" operation="profile_load" profile="unconfined" name="/usr/sbin/cups-browsed" pid=1062 comm="apparmor_parser"
[   13.245577] audit: type=1400 audit(1545031393.656:10): apparmor="STATUS" operation="profile_load" profile="unconfined" name="/usr/lib/lightdm/lightdm-guest-session" pid=1052 comm="apparmor_parser"
[   13.282916] cgroup: new mount options do not match the existing superblock, will be ignored
[   13.400572] input: HDA NVidia HDMI/DP,pcm=3 as /devices/pci0000:00/0000:00:03.0/0000:03:00.0/0000:04:08.0/0000:06:00.1/sound/card3/input14
[   13.400669] input: HDA NVidia HDMI/DP,pcm=7 as /devices/pci0000:00/0000:00:03.0/0000:03:00.0/0000:04:08.0/0000:06:00.1/sound/card3/input15
[   13.400774] input: HDA NVidia HDMI/DP,pcm=8 as /devices/pci0000:00/0000:00:03.0/0000:03:00.0/0000:04:08.0/0000:06:00.1/sound/card3/input16
[   13.400916] input: HDA NVidia HDMI/DP,pcm=9 as /devices/pci0000:00/0000:00:03.0/0000:03:00.0/0000:04:08.0/0000:06:00.1/sound/card3/input17
[   13.401143] input: HDA NVidia HDMI/DP,pcm=3 as /devices/pci0000:00/0000:00:03.0/0000:03:00.0/0000:04:10.0/0000:05:00.1/sound/card4/input18
[   13.401217] input: HDA NVidia HDMI/DP,pcm=7 as /devices/pci0000:00/0000:00:03.0/0000:03:00.0/0000:04:10.0/0000:05:00.1/sound/card4/input19
[   13.401266] input: HDA NVidia HDMI/DP,pcm=8 as /devices/pci0000:00/0000:00:03.0/0000:03:00.0/0000:04:10.0/0000:05:00.1/sound/card4/input20
[   13.401333] input: HDA NVidia HDMI/DP,pcm=9 as /devices/pci0000:00/0000:00:03.0/0000:03:00.0/0000:04:10.0/0000:05:00.1/sound/card4/input21
[   13.401466] input: HDA NVidia HDMI/DP,pcm=3 as /devices/pci0000:00/0000:00:02.0/0000:07:00.0/0000:08:10.0/0000:09:00.1/sound/card2/input22
[   13.401626] input: HDA NVidia HDMI/DP,pcm=7 as /devices/pci0000:00/0000:00:02.0/0000:07:00.0/0000:08:10.0/0000:09:00.1/sound/card2/input23
[   13.401788] input: HDA NVidia HDMI/DP,pcm=8 as /devices/pci0000:00/0000:00:02.0/0000:07:00.0/0000:08:10.0/0000:09:00.1/sound/card2/input24
[   13.401957] input: HDA NVidia HDMI/DP,pcm=9 as /devices/pci0000:00/0000:00:02.0/0000:07:00.0/0000:08:10.0/0000:09:00.1/sound/card2/input25
[   13.402292] input: HDA NVidia HDMI/DP,pcm=3 as /devices/pci0000:00/0000:00:02.0/0000:07:00.0/0000:08:08.0/0000:0a:00.1/sound/card1/input26
[   13.402419] input: HDA NVidia HDMI/DP,pcm=7 as /devices/pci0000:00/0000:00:02.0/0000:07:00.0/0000:08:08.0/0000:0a:00.1/sound/card1/input27
[   13.402568] input: HDA NVidia HDMI/DP,pcm=8 as /devices/pci0000:00/0000:00:02.0/0000:07:00.0/0000:08:08.0/0000:0a:00.1/sound/card1/input28
[   13.402705] input: HDA NVidia HDMI/DP,pcm=9 as /devices/pci0000:00/0000:00:02.0/0000:07:00.0/0000:08:08.0/0000:0a:00.1/sound/card1/input29
[   13.468169] IPv6: ADDRCONF(NETDEV_UP): eno1: link is not ready
[   13.516722] IPv6: ADDRCONF(NETDEV_UP): enp14s0: link is not ready
[   13.690788] IPv6: ADDRCONF(NETDEV_UP): enp14s0: link is not ready
[   16.612755] e1000e: eno1 NIC Link is Up 1000 Mbps Full Duplex, Flow Control: None
[   16.612785] IPv6: ADDRCONF(NETDEV_CHANGE): eno1: link becomes ready
[   33.981379] aufs 4.x-rcN-20160111
[   34.013588] audit_printk_skb: 72 callbacks suppressed
[   34.013590] audit: type=1400 audit(1545031414.424:35): apparmor="STATUS" operation="profile_load" profile="unconfined" name="docker-default" pid=1714 comm="apparmor_parser"
[   34.244434] bridge: automatic filtering via arp/ip/ip6tables has been deprecated. Update your scripts to load br_netfilter if you need this.
[   34.246511] Bridge firewalling registered
[   34.250259] nf_conntrack version 0.5.0 (65536 buckets, 262144 max)
[   34.259953] ip_tables: (C) 2000-2006 Netfilter Core Team
[   34.286659] Initializing XFRM netlink socket
[   34.289874] Netfilter messages via NETLINK v0.30.
[   34.291544] ctnetlink v0.93: registering with nfnetlink.
[   34.310102] IPv6: ADDRCONF(NETDEV_UP): br-2ab1f415d65d: link is not ready
[   34.331047] IPv6: ADDRCONF(NETDEV_UP): docker0: link is not ready
[   34.398739] device veth5b2dbf9 entered promiscuous mode
[   34.398796] IPv6: ADDRCONF(NETDEV_UP): veth5b2dbf9: link is not ready
[   34.398799] docker0: port 1(veth5b2dbf9) entered forwarding state
[   34.398804] docker0: port 1(veth5b2dbf9) entered forwarding state
[   34.398816] IPv6: ADDRCONF(NETDEV_CHANGE): docker0: link becomes ready
[   34.399313] docker0: port 1(veth5b2dbf9) entered disabled state
[   35.000802] eth0: renamed from veth6287c32
[   35.028222] IPv6: ADDRCONF(NETDEV_CHANGE): veth5b2dbf9: link becomes ready
[   35.028247] docker0: port 1(veth5b2dbf9) entered forwarding state
[   35.028252] docker0: port 1(veth5b2dbf9) entered forwarding state
[   50.076087] docker0: port 1(veth5b2dbf9) entered forwarding state
[  817.764235] perf interrupt took too long (2510 > 2500), lowering kernel.perf_event_max_sample_rate to 50000
[ 1314.629344] pcieport 0000:00:03.0: AER: Corrected error received: id=0018
[ 1314.629351] pcieport 0000:00:03.0: PCIe Bus Error: severity=Corrected, type=Data Link Layer, id=0018(Receiver ID)
[ 1314.629382] pcieport 0000:00:03.0:   device [8086:6f08] error status/mask=00000040/00002000
[ 1314.629403] pcieport 0000:00:03.0:    [ 6] Bad TLP               
[ 1644.213231] pcieport 0000:00:03.0: AER: Multiple Corrected error received: id=0018
[ 1644.213259] pcieport 0000:00:03.0: PCIe Bus Error: severity=Corrected, type=Data Link Layer, id=0018(Receiver ID)
[ 1644.213339] pcieport 0000:00:03.0:   device [8086:6f08] error status/mask=00000040/00002000
[ 1644.213402] pcieport 0000:00:03.0:    [ 6] Bad TLP               
[ 1644.213448] pcieport 0000:00:03.0:   Error of this Agent(0018) is reported first
[ 1644.213506] pcieport 0000:03:00.0: PCIe Bus Error: severity=Corrected, type=Data Link Layer, id=0300(Transmitter ID)
[ 1644.213584] pcieport 0000:03:00.0:   device [10b5:8747] error status/mask=00003000/0000e000
[ 1644.213645] pcieport 0000:03:00.0:    [12] Replay Timer Timeout  
[ 1694.924818] pcieport 0000:00:03.0: AER: Multiple Corrected error received: id=0018
[ 1694.924846] pcieport 0000:00:03.0: PCIe Bus Error: severity=Corrected, type=Data Link Layer, id=0018(Receiver ID)
[ 1694.924927] pcieport 0000:00:03.0:   device [8086:6f08] error status/mask=00000040/00002000
[ 1694.924989] pcieport 0000:00:03.0:    [ 6] Bad TLP               
[ 1920.637121] pcieport 0000:00:03.0: AER: Multiple Corrected error received: id=0018
[ 1920.637149] pcieport 0000:00:03.0: PCIe Bus Error: severity=Corrected, type=Data Link Layer, id=0018(Receiver ID)
[ 1920.637230] pcieport 0000:00:03.0:   device [8086:6f08] error status/mask=00000040/00002000
[ 1920.637293] pcieport 0000:00:03.0:    [ 6] Bad TLP               
[ 2642.435626] pcieport 0000:00:03.0: AER: Multiple Corrected error received: id=0018
[ 2642.435654] pcieport 0000:00:03.0: PCIe Bus Error: severity=Corrected, type=Data Link Layer, id=0018(Receiver ID)
[ 2642.435735] pcieport 0000:00:03.0:   device [8086:6f08] error status/mask=00000040/00002000
[ 2642.435798] pcieport 0000:00:03.0:    [ 6] Bad TLP               
[ 2827.259847] pcieport 0000:00:03.0: AER: Multiple Corrected error received: id=0018
[ 2827.259880] pcieport 0000:00:03.0: PCIe Bus Error: severity=Corrected, type=Data Link Layer, id=0018(Receiver ID)
[ 2827.259961] pcieport 0000:00:03.0:   device [8086:6f08] error status/mask=00000040/00002000
[ 2827.260049] pcieport 0000:00:03.0:    [ 6] Bad TLP               
[ 2961.998992] pcieport 0000:00:03.0: AER: Corrected error received: id=0018
[ 2961.999005] pcieport 0000:00:03.0: PCIe Bus Error: severity=Corrected, type=Data Link Layer, id=0018(Receiver ID)
[ 2961.999086] pcieport 0000:00:03.0:   device [8086:6f08] error status/mask=00000040/00002000
[ 2961.999148] pcieport 0000:00:03.0:    [ 6] Bad TLP               
[ 3504.978613] pcieport 0000:00:03.0: AER: Multiple Corrected error received: id=0018
[ 3504.978642] pcieport 0000:00:03.0: PCIe Bus Error: severity=Corrected, type=Data Link Layer, id=0018(Receiver ID)
[ 3504.982017] pcieport 0000:00:03.0:   device [8086:6f08] error status/mask=00000040/00002000
[ 3504.983758] pcieport 0000:00:03.0:    [ 6] Bad TLP               
[ 3662.774122] pcieport 0000:00:03.0: AER: Multiple Corrected error received: id=0018
[ 3662.774151] pcieport 0000:00:03.0: PCIe Bus Error: severity=Corrected, type=Data Link Layer, id=0018(Receiver ID)
[ 3662.777562] pcieport 0000:00:03.0:   device [8086:6f08] error status/mask=00000040/00002000
[ 3662.779296] pcieport 0000:00:03.0:    [ 6] Bad TLP               
[ 4513.116768] pcieport 0000:00:03.0: AER: Multiple Corrected error received: id=0018
[ 4513.116785] pcieport 0000:00:03.0: PCIe Bus Error: severity=Corrected, type=Data Link Layer, id=0018(Receiver ID)
[ 4513.117855] pcieport 0000:00:03.0:   device [8086:6f08] error status/mask=00000040/00002000
[ 4513.118402] pcieport 0000:00:03.0:    [ 6] Bad TLP               
[ 4891.562249] pcieport 0000:00:03.0: AER: Corrected error received: id=0018
[ 4891.562259] pcieport 0000:00:03.0: PCIe Bus Error: severity=Corrected, type=Data Link Layer, id=0018(Receiver ID)
[ 4891.564711] pcieport 0000:00:03.0:   device [8086:6f08] error status/mask=00000080/00002000
[ 4891.566313] pcieport 0000:00:03.0:    [ 7] Bad DLLP              
[ 4977.458515] pcieport 0000:00:03.0: AER: Multiple Corrected error received: id=0018
[ 4977.458561] pcieport 0000:00:03.0: PCIe Bus Error: severity=Corrected, type=Data Link Layer, id=0018(Receiver ID)
[ 4977.461748] pcieport 0000:00:03.0:   device [8086:6f08] error status/mask=00000040/00002000
[ 4977.463461] pcieport 0000:00:03.0:    [ 6] Bad TLP               
[ 6188.786029] pcieport 0000:00:03.0: AER: Corrected error received: id=0018
[ 6188.786036] pcieport 0000:00:03.0: PCIe Bus Error: severity=Corrected, type=Data Link Layer, id=0018(Receiver ID)
[ 6188.787421] pcieport 0000:00:03.0:   device [8086:6f08] error status/mask=00000040/00002000
[ 6188.788131] pcieport 0000:00:03.0:    [ 6] Bad TLP               
[ 6315.947097] pcieport 0000:00:03.0: AER: Multiple Corrected error received: id=0018
[ 6315.947119] pcieport 0000:00:03.0: PCIe Bus Error: severity=Corrected, type=Data Link Layer, id=0018(Receiver ID)
[ 6315.950295] pcieport 0000:00:03.0:   device [8086:6f08] error status/mask=00000040/00002000
[ 6315.952843] pcieport 0000:00:03.0:    [ 6] Bad TLP               
[ 6601.591091] pcieport 0000:00:03.0: AER: Multiple Corrected error received: id=0018
[ 6601.591108] pcieport 0000:00:03.0: PCIe Bus Error: severity=Corrected, type=Data Link Layer, id=0018(Receiver ID)
[ 6601.592276] pcieport 0000:00:03.0:   device [8086:6f08] error status/mask=00000040/00002000
[ 6601.593274] pcieport 0000:00:03.0:    [ 6] Bad TLP               
[ 6641.903576] pcieport 0000:00:02.0: AER: Corrected error received: id=0010
[ 6641.903582] pcieport 0000:00:02.0: PCIe Bus Error: severity=Corrected, type=Data Link Layer, id=0010(Receiver ID)
[ 6641.904753] pcieport 0000:00:02.0:   device [8086:6f04] error status/mask=00000080/00002000
[ 6641.905341] pcieport 0000:00:02.0:    [ 7] Bad DLLP              
[ 6923.379161] pcieport 0000:00:03.0: AER: Multiple Corrected error received: id=0018
[ 6923.379185] pcieport 0000:00:03.0: PCIe Bus Error: severity=Corrected, type=Data Link Layer, id=0018(Receiver ID)
[ 6923.381630] pcieport 0000:00:03.0:   device [8086:6f08] error status/mask=00000040/00002000
[ 6923.383185] pcieport 0000:00:03.0:    [ 6] Bad TLP               
[ 7252.872429] pcieport 0000:00:03.0: AER: Multiple Corrected error received: id=0018
[ 7252.872447] pcieport 0000:00:03.0: PCIe Bus Error: severity=Corrected, type=Data Link Layer, id=0018(Receiver ID)
[ 7252.873609] pcieport 0000:00:03.0:   device [8086:6f08] error status/mask=00000040/00002000
[ 7252.874193] pcieport 0000:00:03.0:    [ 6] Bad TLP               
[ 7745.560276] NVRM: GPU at PCI:0000:06:00: GPU-d5d4d48d-0994-0ffb-6329-4465f7be4fed
[ 7745.560279] NVRM: GPU Board Serial Number: 
[ 7745.560282] NVRM: Xid (PCI:0000:06:00): 31, Ch 00000008, engmask 00000101, intr 10000000
[10200.059850] pcieport 0000:00:02.0: AER: Multiple Corrected error received: id=0010
[10200.059878] pcieport 0000:00:02.0: PCIe Bus Error: severity=Corrected, type=Data Link Layer, id=0010(Receiver ID)
[10200.063117] pcieport 0000:00:02.0:   device [8086:6f04] error status/mask=00000040/00002000
[10200.064974] pcieport 0000:00:02.0:    [ 6] Bad TLP               
[10266.086513] pcieport 0000:00:02.0: AER: Multiple Corrected error received: id=0010
[10266.086541] pcieport 0000:00:02.0: PCIe Bus Error: severity=Corrected, type=Data Link Layer, id=0010(Receiver ID)
[10266.090012] pcieport 0000:00:02.0:   device [8086:6f04] error status/mask=00000040/00002000
[10266.091830] pcieport 0000:00:02.0:    [ 6] Bad TLP               
[10319.388475] pcieport 0000:00:02.0: AER: Multiple Corrected error received: id=0010
[10319.388502] pcieport 0000:00:02.0: PCIe Bus Error: severity=Corrected, type=Data Link Layer, id=0010(Receiver ID)
[10319.391939] pcieport 0000:00:02.0:   device [8086:6f04] error status/mask=00000040/00002000
[10319.393733] pcieport 0000:00:02.0:    [ 6] Bad TLP               
[10535.469161] pcieport 0000:00:03.0: AER: Multiple Corrected error received: id=0018
[10535.469190] pcieport 0000:00:03.0: PCIe Bus Error: severity=Corrected, type=Data Link Layer, id=0018(Receiver ID)
